******************************************************************************
                  TI ARM Linker PC v16.9.6                     
******************************************************************************
>> Linked Mon Feb 18 17:04:20 2019

OUTPUT FILE NAME:   <xwr16xx_mmw_mss.xer4f>
ENTRY POINT SYMBOL: "_c_int00"  address: 00010eac


MEMORY CONFIGURATION

         name            origin    length      used     unused   attr    fill
----------------------  --------  ---------  --------  --------  ----  --------
  VECTORS               00000000   00000100  0000003c  000000c4     X
  PROG_RAM              00000100   0003ff00  00017c14  000282ec  R  X
  DATA_RAM              08000000   00030000  0000e8d0  00021730  RW  
  L3_RAM                51000000   000c0000  00000000  000c0000  RW  
  HS_RAM                52080000   00008000  00000000  00008000  RW  


SEGMENT ALLOCATION MAP

run origin  load origin   length   init length attrs members
----------  ----------- ---------- ----------- ----- -------
00000000    00000000    0000003c   0000003c    r--
  00000000    00000000    0000003c   0000003c    r-- .vecs
00000100    00000100    00017c18   00017c18    r-x
  00000100    00000100    00014ef4   00014ef4    r-x .text
  00014ff8    00014ff8    00002968   00002968    r-- .const
  00017960    00017960    000003b8   000003b8    r-- .cinit
08000000    08000000    0000c184   00000000    rw-
  08000000    08000000    0000a000   00000000    rw- systemHeap
  0800a000    0800a000    00002184   00000000    rw- .bss
0800c1a0    0800c1a0    00002750   00000000    rw-
  0800c1a0    0800c1a0    00001000   00000000    rw- .stack
  0800d1a0    0800d1a0    00000f4c   00000000    rw- .data
  0800e0f0    0800e0f0    00000800   00000000    rw- .myFiqStack


SECTION ALLOCATION MAP

 output                                  attributes/
section   page    origin      length       input sections
--------  ----  ----------  ----------   ----------------
.text      0    00000100    00014ef4     
                  00000100    0000107a     rtsv7R4_T_le_v3D16_eabi.lib : _printfi.obj (.text)
                  0000117a    00000006     libosal_xwr16xx.aer4f : HwiP_tirtos.oer4f (.text:HwiP_restore)
                  00001180    00000760     sysbios.aer4f : BIOS.obj (.text:xdc_runtime_System_doPrint__I)
                  000018e0    00000646     cli.oer4f (.text:MmwDemo_CLIInit)
                  00001f26    0000000a     libosal_xwr16xx.aer4f : MemoryP_tirtos.oer4f (.text:MemoryP_ctrlFree)
                  00001f30    0000059c     sysbios.aer4f : BIOS.obj (.text:ti_sysbios_knl_Event_pend__E)
                  000024cc    00000004     libosal_xwr16xx.aer4f : HwiP_tirtos.oer4f (.text:HwiP_disableInterrupt)
                  000024d0    000004f0     sysbios.aer4f : BIOS.obj (.text:ti_sysbios_knl_Semaphore_pend__E)
                  000029c0    000004b0     mss_main.oer4f (.text:MmwDemo_mssInitTask)
                  00002e70    000003f4     sysbios.aer4f : BIOS.obj (.text:ti_sysbios_knl_Task_Instance_finalize__E)
                  00003264    0000000c     libmmwave_xwr16xx.aer4f : mmwave_xwr16xx.oer4f (.text:MMWave_deviceMailboxCallbackFxn)
                  00003270    000003f0     sysbios.aer4f : BIOS.obj (.text:ti_sysbios_heaps_HeapMem_freeUnprotected__E)
                  00003660    00000354                   : BIOS.obj (.text:ti_sysbios_heaps_HeapMem_allocUnprotected__E)
                  000039b4    0000000c     libmmwave_xwr16xx.aer4f : mmwave_osal.oer4f (.text:MMWave_osalMutexUnlock)
                  000039c0    0000034c     sysbios.aer4f : BIOS.obj (.text:ti_sysbios_knl_Task_sleep__E)
                  00003d0c    00000004     libmmwave_xwr16xx.aer4f : mmwave_link.oer4f (.text:MMWave_disableDevice)
                  00003d10    000002fc     sysbios.aer4f : BIOS.obj (.text:ti_sysbios_family_arm_exc_Exception_excDumpContext__I)
                  0000400c    00000004     libmmwave_xwr16xx.aer4f : mmwave_link.oer4f (.text:MMWave_enableDevice)
                  00004010    000002d4     sysbios.aer4f : BIOS.obj (.text:ti_sysbios_family_arm_v7r_vim_Hwi_dispatchIRQC__I)
                  000042e4    000002b8     rtsv7R4_T_le_v3D16_eabi.lib : ull_div32.obj (.text)
                  0000459c    00000004     libmmwave_xwr16xx.aer4f : mmwave_listlib.oer4f (.text:MMWave_listGetHead)
                  000045a0    000002b8     sysbios.aer4f : BIOS.obj (.text:ti_sysbios_timers_rti_Timer_Module_startup__E)
                  00004858    00000008     libosal_xwr16xx.aer4f : HwiP_tirtos.oer4f (.text:HwiP_disable)
                  00004860    000002b4     sysbios.aer4f : BIOS.obj (.text:ti_sysbios_knl_Task_Instance_init__E)
                  00004b14    0000000c     libmmwave_xwr16xx.aer4f : mmwave_osal.oer4f (.text:MMWave_osalSemSignal)
                  00004b20    000002b4     sysbios.aer4f : BIOS.obj (.text:ti_sysbios_knl_Task_Module_startup__E)
                  00004dd4    0000000c     mss_main.oer4f (.text:MmwDemo_mboxCallback)
                  00004de0    0000029c     sysbios.aer4f : BIOS.obj (.text:ti_sysbios_family_arm_exc_Exception_excHandler__I)
                  0000507c    00000284     libsoc_xwr16xx.aer4f : soc_xwr16xx_mss.oer4f (.text:SOC_deviceInit)
                  00005300    00000280     mss_main.oer4f (.text:MmwDemo_mboxReadTask)
                  00005580    0000027c     libmmwave_xwr16xx.aer4f : mmwave_xwr16xx.oer4f (.text:MMWave_deviceExecuteFxn)
                  000057fc    00000004                             : mmwave_listlib.oer4f (.text:MMWave_listGetNext)
                  00005800    00000268     sysbios.aer4f : BIOS.obj (.text:xdc_runtime_Error_policyDefault__E)
                  00005a68    00000260     libmailbox_xwr16xx.aer4f : mailbox.oer4f (.text:Mailbox_open)
                  00005cc8    00000008     libmmwave_xwr16xx.aer4f : mmwave.oer4f (.text:MMWave_decodeErrorLevel)
                  00005cd0    00000248     sysbios.aer4f : BIOS.obj (.text:ti_sysbios_knl_Event_post__E)
                  00005f18    00000240     libcli_xwr16xx.aer4f : cli_mmwave.oer4f (.text:CLI_MMWaveProfileCfg)
                  00006158    00000240     mss_main.oer4f (.text:MmwDemo_mssCtrlPathTask)
                  00006398    00000008     libmmwave_xwr16xx.aer4f : mmwave_link.oer4f (.text:MMWave_mboxCallbackFxn)
                  000063a0    00000218     sysbios.aer4f : BIOS.obj (.text:ti_sysbios_knl_Semaphore_post__E)
                  000065b8    00000214     libuart_xwr16xx.aer4f : uartsci.oer4f (.text:UartSci_open)
                  000067cc    00000205     libcli_xwr16xx.aer4f : cli_mmwave.oer4f (.text:CLI_MMWaveVersion)
                  000069d1    00000001     --HOLE-- [fill = 0]
                  000069d2    00000002     libmmwave_xwr16xx.aer4f : mmwave_link.oer4f (.text:MMWave_maskHostIRQ)
                  000069d4    00000200     libcrc_xwr16xx.aer4f : crc.oer4f (.text:CRC_open)
                  00006bd4    00000200     mss_main.oer4f (.text:MmwDemo_mssDataPathConfig)
                  00006dd4    0000000c     libuart_xwr16xx.aer4f : UART.oer4f (.text:UART_Params_init)
                  00006de0    000001f8     sysbios.aer4f : BIOS.obj (.text:ti_sysbios_family_arm_v7r_vim_Hwi_reconfig__E)
                  00006fd8    00000008     libosal_xwr16xx.aer4f : SemaphoreP_tirtos.oer4f (.text:SemaphoreP_Params_init)
                  00006fe0    000001f8     sysbios.aer4f : BIOS.obj (.text:ti_sysbios_heaps_HeapMem_Instance_init__E)
                  000071d8    000001f0     libdma_xwr16xx.aer4f : dma.oer4f (.text:DMA_setChannelParams)
                  000073c8    00000008     libmmwavelink_xwr16xx.aer4f : rl_driver.oer4f (.text:rlDriverGetHandle)
                  000073d0    000001e8     sysbios.aer4f : BIOS.obj (.text:xdc_runtime_Core_createObject__I)
                  000075b8    000001e4     rtsv7R4_T_le_v3D16_eabi.lib : strtod.obj (.text)
                  0000779c    000001d8     libcli_xwr16xx.aer4f : cli_mmwave.oer4f (.text:CLI_MMWaveChirpCfg)
                  00007974    000001c8     rtsv7R4_T_le_v3D16_eabi.lib : fopen.obj (.text)
                  00007b3c    00000004     libmmwave_xwr16xx.aer4f : mmwave_link.oer4f (.text:MMWave_mboxClose)
                  00007b40    000001c4     sysbios.aer4f : BIOS.obj (.text:ti_sysbios_knl_Clock_workFunc__E)
                  00007d04    000001ac     mss_main.oer4f (.text:MmwDemo_bpmConfig)
                  00007eb0    000001a4     libcli_xwr16xx.aer4f : cli_mmwave.oer4f (.text:CLI_MMWaveSubFrameCfg)
                  00008054    000001a4     libmmwave_xwr16xx.aer4f : mmwave_xwr16xx.oer4f (.text:MMWave_serializeCfg)
                  000081f8    00000008     mss_mmw_per4f.oer4f (.text:ti_sysbios_family_arm_TaskSupport_Module__startupDone__S)
                  00008200    000001a0     sysbios.aer4f : BIOS.obj (.text:ti_sysbios_knl_Swi_run__I)
                  000083a0    00000198     libmmwavelink_xwr16xx.aer4f : rl_driver.oer4f (.text:rlDriverCmdInvoke)
                  00008538    00000008     sysbios.aer4f : BIOS.obj (.text:ti_sysbios_family_arm_v7a_Pmu_getEnabled__E)
                  00008540    00000190                   : BIOS.obj (.text:ti_sysbios_family_arm_v7r_vim_Hwi_Instance_init__E)
                  000086d0    0000018c                   : BIOS.obj (.text:xdc_runtime_Core_constructObject__I)
                  0000885c    00000188     mss_mmw_per4f.oer4f (.text:xdc_runtime_System_printfExtend__I)
                  000089e4    00000184     libmmwavelink_xwr16xx.aer4f : rl_driver.oer4f (.text:rlDriverRxHdrRead)
                  00008b68    00000006                                 : rl_controller.oer4f (.text:rlGetSubBlockId)
                  00008b6e    00000002     mss_main.oer4f (.text:MmwDemo_mssMmwaveCloseCallbackFxn)
                  00008b70    00000184     sysbios.aer4f : BIOS.obj (.text:xdc_runtime_Startup_startMods__I)
                  00008cf4    0000000c     libuart_xwr16xx.aer4f : uartsci_dma.oer4f (.text:UartSci_isDMAEnabled)
                  00008d00    00000174     sysbios.aer4f : BIOS.obj (.text:ti_sysbios_family_arm_v7r_vim_Hwi_Module_startup__E)
                  00008e74    0000000c     rtsv7R4_T_le_v3D16_eabi.lib : copy_zero_init.obj (.text:decompress:ZI)
                  00008e80    00000174     sysbios.aer4f : BIOS.obj (.text:ti_sysbios_heaps_HeapBuf_Module_startup__E)
                  00008ff4    0000000c     libmmwavelink_xwr16xx.aer4f : rl_driver.oer4f (.text:rlDriverGetPlatformId)
                  00009000    00000174     sysbios.aer4f : BIOS.obj (.text:ti_sysbios_timers_rti_Timer_getFreq__E)
                  00009174    00000170     libgpio_xwr16xx.aer4f : gpio.oer4f (.text:GPIO_setConfig)
                  000092e4    0000000c     sysbios.aer4f : BIOS.obj (.text:ti_sysbios_family_arm_v7a_Pmu_configureCounterI__I)
                  000092f0    00000154                   : BIOS.obj (.text:ti_sysbios_knl_Task_exit__E)
                  00009444    00000150     cli.oer4f (.text:MmwDemo_CLICalibDcRangeSig)
                  00009594    00000150     mss_main.oer4f (.text:main)
                  000096e4    0000014c     libcli_xwr16xx.aer4f : cli_mmwave.oer4f (.text:CLI_MMWaveFrameCfg)
                  00009830    0000014c                          : cli.oer4f (.text:CLI_task)
                  0000997c    0000014c     libmmwave_xwr16xx.aer4f : mmwave_link.oer4f (.text:MMWave_initMMWaveLink)
                  00009ac8    0000014a     libuart_xwr16xx.aer4f : uartsci.oer4f (.text:UartSci_ISR)
                  00009c12    0000000e     cli.oer4f (.text:MmwDemo_CLISensorStop)
                  00009c20    00000148     sysbios.aer4f : BIOS.obj (.text:ti_sysbios_knl_Task_checkStacks__E)
                  00009d68    00000006     libmmwavelink_xwr16xx.aer4f : rl_controller.oer4f (.text:rlGetSubBlockLen)
                  00009d6e    00000002     mss_main.oer4f (.text:MmwDemo_mssMmwaveOpenCallbackFxn)
                  00009d70    00000138     sysbios.aer4f : BIOS.obj (.text:ti_sysbios_family_arm_v7a_Pmu_configureCounter__E)
                  00009ea8    00000004     libmmwave_xwr16xx.aer4f : mmwave_link.oer4f (.text:MMWave_mboxRead)
                  00009eac    00000004                             : mmwave_link.oer4f (.text:MMWave_registerInterruptHandler)
                  00009eb0    00000138     sysbios.aer4f : BIOS.obj (.text:ti_sysbios_knl_Task_schedule__I)
                  00009fe8    00000130     cli.oer4f (.text:MmwDemo_CLICompRangeBiasAndRxChanPhaseCfg)
                  0000a118    00000004     libmmwave_xwr16xx.aer4f : mmwave_link.oer4f (.text:MMWave_unmaskHostIRQ)
                  0000a11c    00000004                             : mmwave_link.oer4f (.text:MMWave_waitIRQStatus)
                  0000a120    00000130     sysbios.aer4f : BIOS.obj (.text:ti_sysbios_knl_Task_postInit__I)
                  0000a250    00000130                   : BIOS.obj (.text:ti_sysbios_knl_Task_startCore__E)
                  0000a380    00000128     libcli_xwr16xx.aer4f : cli_mmwave.oer4f (.text:CLI_MMWaveContModeCfg)
                  0000a4a8    00000128     libmmwavelink_xwr16xx.aer4f : rl_driver.oer4f (.text:rlDriverMsgRead)
                  0000a5d0    00000124     libcli_xwr16xx.aer4f : cli_mmwave.oer4f (.text:CLI_MMWaveAdvFrameCfg)
                  0000a6f4    0000000c     sysbios.aer4f : tms570_Core_asm.obj (.text:ti_sysbios_family_arm_v7r_tms570_Core_getId__E)
                  0000a700    00000124                   : BIOS.obj (.text:ti_sysbios_gates_GateMutex_enter__E)
                  0000a824    0000000a     libosal_xwr16xx.aer4f : SemaphoreP_tirtos.oer4f (.text:SemaphoreP_post)
                  0000a82e    00000002     libuart_xwr16xx.aer4f : uartsci.oer4f (.text:UartSci_init)
                  0000a830    00000120     sysbios.aer4f : BIOS.obj (.text:ti_sysbios_knl_Swi_post__E)
                  0000a950    0000011c                   : BIOS.obj (.text:ti_sysbios_timers_rti_Timer_startup__E)
                  0000aa6c    00000114     libmmwavelink_xwr16xx.aer4f : rl_driver.oer4f (.text:rlDriverCmdSendRetry)
                  0000ab80    0000010c     libmmwave_xwr16xx.aer4f : mmwave_xwr16xx.oer4f (.text:MMWave_deviceInitFxn)
                  0000ac8c    00000108     libmailbox_xwr16xx.aer4f : mailbox.oer4f (.text:Mailbox_write)
                  0000ad94    0000000a     libuart_xwr16xx.aer4f : UART.oer4f (.text:UART_read)
                  0000ad9e    00000002     rtsv7R4_T_le_v3D16_eabi.lib : i_div0.obj (.text)
                  0000ada0    00000108     sysbios.aer4f : BIOS.obj (.text:ti_sysbios_knl_Semaphore_Instance_init__E)
                  0000aea8    00000104     libmmwave_xwr16xx.aer4f : mmwave_link.oer4f (.text:MMWave_startLink)
                  0000afac    00000104     mss_main.oer4f (.text:MmwDemo_mssMmwaveEventCallbackFxn)
                  0000b0b0    00000100     libcli_xwr16xx.aer4f : cli_mmwave.oer4f (.text:CLI_MMWaveBPMCfgAdvanced)
                  0000b1b0    00000100     libmmwave_xwr16xx.aer4f : mmwave_link.oer4f (.text:MMWave_openLink)
                  0000b2b0    00000100     libmmwavelink_xwr16xx.aer4f : rl_driver.oer4f (.text:rlDriverInit)
                  0000b3b0    00000100     sysbios.aer4f : BIOS.obj (.text:xdc_runtime_Text_putMod__E)
                  0000b4b0    000000fc     libcrc_xwr16xx.aer4f : crc.oer4f (.text:CRC_computeSignature)
                  0000b5ac    000000fc     libdma_xwr16xx.aer4f : dma.oer4f (.text:DMA_disableInterrupt)
                  0000b6a8    00000004     mss_main.oer4f (.text:MmwDemo_sleep)
                  0000b6ac    00000004     mss_mmw_per4f.oer4f (.text:ti_sysbios_BIOS_RtsGateProxy_enter__E)
                  0000b6b0    000000fc     sysbios.aer4f : BIOS.obj (.text:ti_sysbios_knl_Task_blockI__E)
                  0000b7ac    000000f8     libmmwavelink_xwr16xx.aer4f : rl_driver.oer4f (.text:rlDriverRdVerifyMsg)
                  0000b8a4    0000000a     libuart_xwr16xx.aer4f : UART.oer4f (.text:UART_write)
                  0000b8ae    00000002     --HOLE-- [fill = 0]
                  0000b8b0    000000f6     sysbios.aer4f : BIOS.obj (.text:xdc_runtime_Text_putSite__E)
                  0000b9a6    0000000a     libuart_xwr16xx.aer4f : UART.oer4f (.text:UART_writePolling)
                  0000b9b0    000000f4     sysbios.aer4f : BIOS.obj (.text:ti_sysbios_family_arm_v7r_vim_Hwi_mapChannel__I)
                  0000baa4    00000004     mss_mmw_per4f.oer4f (.text:ti_sysbios_BIOS_RtsGateProxy_leave__E)
                  0000baa8    00000004     mss_mmw_per4f.oer4f (.text:ti_sysbios_BIOS_nullFunc__I)
                  0000baac    00000004     mss_mmw_per4f.oer4f (.text:ti_sysbios_family_arm_v7r_vim_Hwi_delete)
                  0000bab0    000000f4     sysbios.aer4f : BIOS.obj (.text:ti_sysbios_knl_Task_unblockI__E)
                  0000bba4    000000ec     auto_init.aer4f : auto_init.oer4f (.text)
                  0000bc90    000000ec     rtsv7R4_T_le_v3D16_eabi.lib : s_scalbn.obj (.text)
                  0000bd7c    000000e4     libdma_xwr16xx.aer4f : dma.oer4f (.text:DMA_clearChannelInterruptFlag)
                  0000be60    000000e4     libmmwave_xwr16xx.aer4f : mmwave_link.oer4f (.text:MMWave_asyncEventHandler)
                  0000bf44    000000e0     libcli_xwr16xx.aer4f : cli.oer4f (.text:CLI_open)
                  0000c024    00000004     mss_mmw_per4f.oer4f (.text:ti_sysbios_heaps_HeapMem_Module_GateProxy_enter__E)
                  0000c028    00000004     mss_mmw_per4f.oer4f (.text:ti_sysbios_heaps_HeapMem_Module_GateProxy_leave__E)
                  0000c02c    00000004     mss_mmw_per4f.oer4f (.text:ti_sysbios_knl_Clock_TimerProxy_getMaxTicks__E)
                  0000c030    000000e0     sysbios.aer4f : BIOS.obj (.text:ti_sysbios_family_arm_v7a_Pmu_startCounter__E)
                  0000c110    000000dc     cli.oer4f (.text:MmwDemo_CLIPeakGroupingCfg)
                  0000c1ec    000000dc     rtsv7R4_T_le_v3D16_eabi.lib : setvbuf.obj (.text)
                  0000c2c8    00000004     mss_mmw_per4f.oer4f (.text:ti_sysbios_knl_Semaphore_delete)
                  0000c2cc    00000004     mss_mmw_per4f.oer4f (.text:xdc_runtime_Startup_reset__I)
                  0000c2d0    000000dc     sysbios.aer4f : BIOS.obj (.text:ti_sysbios_family_arm_v7r_vim_Hwi_initIntController__I)
                  0000c3ac    00000004     mss_mmw_per4f.oer4f (.text:xdc_runtime_System_Module_GateProxy_enter__E)
                  0000c3b0    000000dc     sysbios.aer4f : BIOS.obj (.text:xdc_runtime_Memory_alloc__E)
                  0000c48c    000000d8     libdma_xwr16xx.aer4f : dma.oer4f (.text:DMA_enableInterrupt)
                  0000c564    000000d8     libmmwave_xwr16xx.aer4f : mmwave.oer4f (.text:MMWave_init)
                  0000c63c    000000d8     cli.oer4f (.text:MmwDemo_CLIChirpQualityRxSatMonCfg)
                  0000c714    000000d4     libmailbox_xwr16xx.aer4f : mailbox.oer4f (.text:Mailbox_read)
                  0000c7e8    000000d4     mss_main.oer4f (.text:MmwDemo_mssDataPathStop)
                  0000c8bc    000000d4     libmmwavelink_xwr16xx.aer4f : rl_sensor.oer4f (.text:rlSetMultiBpmChirpConfig)
                  0000c990    000000d0     libsoc_xwr16xx.aer4f : soc_xwr16xx_mss.oer4f (.text:SOC_controlSecureFirewall)
                  0000ca60    000000d0     sysbios.aer4f : exc_Exception_asm.obj (.text:ti_sysbios_family_arm_exc_Exception_excHandlerAsm__I)
                  0000cb30    000000cc     libmmwavelink_xwr16xx.aer4f : rl_sensor.oer4f (.text:rlSetChirpConfig)
                  0000cbfc    000000cc     rtsv7R4_T_le_v3D16_eabi.lib : fflush.obj (.text)
                  0000ccc8    00000004     mss_mmw_per4f.oer4f (.text:xdc_runtime_System_Module_GateProxy_leave__E)
                  0000cccc    00000004     --HOLE-- [fill = 0]
                  0000ccd0    000000cc     sysbios.aer4f : BIOS.obj (.text:ti_sysbios_timers_rti_Timer_initDevice__I)
                  0000cd9c    000000c8     libmmwave_xwr16xx.aer4f : mmwave_fullcfg.oer4f (.text:MMWave_addChirp)
                  0000ce64    000000c8                             : mmwave_link.oer4f (.text:MMWave_configBPM)
                  0000cf2c    000000c8                             : mmwave_fullcfg.oer4f (.text:MMWave_flushCfg)
                  0000cff4    000000c8                             : mmwave_fullcfg.oer4f (.text:MMWave_getChirpHandle)
                  0000d0bc    000000c4     cli.oer4f (.text:MmwDemo_CLILvdsStreamCfg)
                  0000d180    000000c4     sysbios.aer4f : BIOS.obj (.text:ti_sysbios_family_arm_v7r_vim_Hwi_Instance_finalize__E)
                  0000d244    000000c0     cli.oer4f (.text:MmwDemo_CLIChirpQualitySigImgMonCfg)
                  0000d304    000000c0     libmmwavelink_xwr16xx.aer4f : rl_sensor.oer4f (.text:rlSetFrameConfig)
                  0000d3c4    000000bc     libcli_xwr16xx.aer4f : cli.oer4f (.text:CLI_help)
                  0000d480    000000bc     libgpio_xwr16xx.aer4f : gpio.oer4f (.text:GPIO_write)
                  0000d53c    000000bc     libmmwave_xwr16xx.aer4f : mmwave_link.oer4f (.text:MMWave_computeCRC)
                  0000d5f8    000000bc     cli.oer4f (.text:MmwDemo_CLIBpmCfg)
                  0000d6b4    000000bc     cli.oer4f (.text:MmwDemo_CLICfarCfg)
                  0000d770    000000bc     rtsv7R4_T_le_v3D16_eabi.lib : open.obj (.text)
                  0000d82c    00000004     --HOLE-- [fill = 0]
                  0000d830    000000bc     sysbios.aer4f : BIOS.obj (.text:xdc_runtime_Core_deleteObject__I)
                  0000d8ec    000000b8     cli.oer4f (.text:MmwDemo_CLIMeasureRangeBiasAndRxChanPhaseCfg)
                  0000d9a4    000000b8     libmmwavelink_xwr16xx.aer4f : rl_driver.oer4f (.text:rlDriverMsgWrite)
                  0000da5c    000000b6     libsoc_xwr16xx.aer4f : soc_mpu.o (.text)
                  0000db12    00000002     --HOLE-- [fill = 0]
                  0000db14    000000b4     mss_main.oer4f (.text:MmwDemo_mssDataPathStart)
                  0000dbc8    00000008     sysbios.aer4f : BIOS.obj (.tramp.ti_sysbios_family_arm_v7r_vim_Hwi_disableInterrupt__E.1)
                  0000dbd0    000000b4                   : BIOS.obj (.text:ti_sysbios_knl_Swi_restoreHwi__E)
                  0000dc84    000000b2     libuart_xwr16xx.aer4f : uartsci_dma.oer4f (.text:UartSci_openDMA)
                  0000dd36    00000002     --HOLE-- [fill = 0]
                  0000dd38    000000b0     libmmwave_xwr16xx.aer4f : mmwave_fullcfg.oer4f (.text:MMWave_addProfile)
                  0000dde8    000000b0     libmmwavelink_xwr16xx.aer4f : rl_sensor.oer4f (.text:rlSetProfileConfig)
                  0000de98    000000ae     rtsv7R4_T_le_v3D16_eabi.lib : _io_perm.obj (.text)
                  0000df46    00000002     --HOLE-- [fill = 0]
                  0000df48    000000ac     libesm_xwr16xx.aer4f : esm.oer4f (.text:ESM_processInterrupt)
                  0000dff4    000000ac     cli.oer4f (.text:MmwDemo_CLISetDataLogger)
                  0000e0a0    000000ac     sysbios.aer4f : BIOS.obj (.text:xdc_runtime_Text_visitRope2__I)
                  0000e14c    000000a8     libcli_xwr16xx.aer4f : cli_mmwave.oer4f (.text:CLI_MMWaveExtensionHelp)
                  0000e1f4    000000a8     libmmwave_xwr16xx.aer4f : mmwave_link.oer4f (.text:MMWave_configureProfileChirp)
                  0000e29c    000000a8                             : mmwave_fullcfg.oer4f (.text:MMWave_getBpmChirpHandle)
                  0000e344    000000a8     libpinmux_xwr16xx.aer4f : pinmux.oer4f (.text:Pinmux_Set_OverrideCtrl)
                  0000e3ec    000000a8     libmmwavelink_xwr16xx.aer4f : rl_sensor.oer4f (.text:rlSetAdvFrameConfig)
                  0000e494    0000000c     rtsv7R4_T_le_v3D16_eabi.lib : fputc.obj (.tramp.putchar.1)
                  0000e4a0    000000a8     sysbios.aer4f : BIOS.obj (.text:ti_sysbios_knl_Swi_schedule__I)
                  0000e548    00000008                   : BIOS.obj (.tramp.xdc_runtime_Memory_free__E.1)
                  0000e550    000000a8                   : BIOS.obj (.text:xdc_runtime_Error_print__E)
                  0000e5f8    000000a4     libdma_xwr16xx.aer4f : dma.oer4f (.text:DMA_assignChannel)
                  0000e69c    000000a4                          : dma.oer4f (.text:DMA_getChannelInterruptFlag)
                  0000e740    000000a4     libesm_xwr16xx.aer4f : esm.oer4f (.text:ESM_init)
                  0000e7e4    000000a4     libmmwave_xwr16xx.aer4f : mmwave_fullcfg.oer4f (.text:MMWave_addBpmChirp)
                  0000e888    000000a4                             : mmwave.oer4f (.text:MMWave_start)
                  0000e92c    000000a4     cli.oer4f (.text:MmwDemo_CLIGuiMonSel)
                  0000e9d0    000000a4     libsoc_xwr16xx.aer4f : soc_xwr16xx_mss.oer4f (.text:SOC_unhaltDSS)
                  0000ea74    000000a0     mss_main.oer4f (.text:MmwDemo_waitSensorStopComplete)
                  0000eb14    000000a0     libmmwavelink_xwr16xx.aer4f : rl_driver.oer4f (.text:rlDriverWaitForResponse)
                  0000ebb4    0000000c     rtsv7R4_T_le_v3D16_eabi.lib : fflush.obj (.tramp.fflush.1)
                  0000ebc0    000000a0     sysbios.aer4f : BIOS.obj (.text:xdc_runtime_Startup_exec__E)
                  0000ec60    0000009f                   : BIOS.obj (.text:xdc_runtime_Text_putLab__E)
                  0000ecff    00000001     --HOLE-- [fill = 0]
                  0000ed00    0000009c     libmmwave_xwr16xx.aer4f : mmwave_link.oer4f (.text:MMWave_configLink)
                  0000ed9c    0000009c                             : mmwave_fullcfg.oer4f (.text:MMWave_getProfileHandle)
                  0000ee38    0000009c     libuart_xwr16xx.aer4f : uartsci.oer4f (.text:UartSci_write)
                  0000eed4    0000009c     rtsv7R4_T_le_v3D16_eabi.lib : memcpy_t2.obj (.text)
                  0000ef70    0000009c     sysbios.aer4f : BIOS.obj (.text:ti_sysbios_heaps_HeapMem_alloc__E)
                  0000f00c    00000004     --HOLE-- [fill = 0]
                  0000f010    0000009c                   : BIOS.obj (.text:ti_sysbios_knl_Clock_logTick__E)
                  0000f0ac    00000098     libmmwave_xwr16xx.aer4f : mmwave_fullcfg.oer4f (.text:MMWave_getChirpCfg)
                  0000f144    00000098     rtsv7R4_T_le_v3D16_eabi.lib : fclose.obj (.text)
                  0000f1dc    00000098                                 : fputc.obj (.text)
                  0000f274    00000098     sysbios.aer4f : vim_Hwi_asm_switch.obj (.text)
                  0000f30c    00000004     --HOLE-- [fill = 0]
                  0000f310    00000098                   : BIOS.obj (.text:xdc_runtime_Assert_raise__I)
                  0000f3a8    00000096     libuart_xwr16xx.aer4f : uartsci.oer4f (.text:UartSci_readChar)
                  0000f43e    00000002     --HOLE-- [fill = 0]
                  0000f440    00000094     libmmwavelink_xwr16xx.aer4f : rl_driver.oer4f (.text:rlDriverDeInit)
                  0000f4d4    00000094                                 : rl_driver.oer4f (.text:rlDriverMsgReadCmdCtx)
                  0000f568    00000094     sysbios.aer4f : vim_Hwi_asm.obj (.text:ti_sysbios_family_arm_v7r_vim_Hwi_dispatchIRQ__I)
                  0000f5fc    00000090     libgpio_xwr16xx.aer4f : gpio.oer4f (.text:GPIO_init)
                  0000f68c    00000090     libmailbox_xwr16xx.aer4f : mailbox.oer4f (.text:Mailbox_close)
                  0000f71c    00000090     cli.oer4f (.text:MmwDemo_CLIADCBufCfg)
                  0000f7ac    00000090     libuart_xwr16xx.aer4f : uartsci_dma.oer4f (.text:UartSci_initiateTxDMA)
                  0000f83c    00000090                           : uartsci.oer4f (.text:UartSci_read)
                  0000f8cc    00000004     --HOLE-- [fill = 0]
                  0000f8d0    00000090     sysbios.aer4f : BIOS.obj (.text:xdc_runtime_Core_assignLabel__I)
                  0000f960    0000008c     libcli_xwr16xx.aer4f : cli_mmwave.oer4f (.text:CLI_MMWaveDataOutputMode)
                  0000f9ec    0000008c     cli.oer4f (.text:MmwDemo_CLIAnalogMonitorCfg)
                  0000fa78    0000008c     mss_main.oer4f (.text:MmwDemo_waitSensorStartComplete)
                  0000fb04    0000008c     libsoc_xwr16xx.aer4f : soc_xwr16xx.oer4f (.text:SOC_translateAddress)
                  0000fb90    0000008c     libuart_xwr16xx.aer4f : uartsci_dma.oer4f (.text:UartSci_initiateRxDMA)
                  0000fc1c    0000008c     libmmwavelink_xwr16xx.aer4f : rl_device.oer4f (.text:rlDevicePowerOn)
                  0000fca8    0000008c                                 : rl_driver.oer4f (.text:rlDriverMsgCmdReply)
                  0000fd34    00000008     sysbios.aer4f : BIOS.obj (.tramp.ti_sysbios_knl_Semaphore_post__E.1)
                  0000fd3c    00000004     --HOLE-- [fill = 0]
                  0000fd40    0000008c                   : BIOS.obj (.text:ti_sysbios_knl_Swi_runLoop__I)
                  0000fdcc    00000088     libmmwave_xwr16xx.aer4f : mmwave_fullcfg.oer4f (.text:MMWave_getProfileCfg)
                  0000fe54    00000088     cli.oer4f (.text:MmwDemo_CLIMultiObjBeamForming)
                  0000fedc    00000088     cli.oer4f (.text:MmwDemo_CLINearFieldCorrection)
                  0000ff64    00000088     rtsv7R4_T_le_v3D16_eabi.lib : vsnprintf.obj (.text)
                  0000ffec    00000088     mss_mmw_per4f.oer4f (.text:ti_sysbios_family_arm_v7r_vim_Hwi_create)
                  00010074    00000084     libmmwave_xwr16xx.aer4f : mmwave_xwr16xx.oer4f (.text:MMWave_deviceCfgAsyncEvent)
                  000100f8    00000084                             : mmwave_xwr16xx.oer4f (.text:MMWave_deviceEventFxn)
                  0001017c    00000084                             : mmwave_fullcfg.oer4f (.text:MMWave_getNumBpmChirp)
                  00010200    00000084     mss_main.oer4f (.text:MmwDemo_gpioSwitchTask)
                  00010284    00000008     sysbios.aer4f : BIOS.obj (.tramp.xdc_runtime_Assert_raise__I.1)
                  0001028c    00000004     --HOLE-- [fill = 0]
                  00010290    00000084                   : BIOS.obj (.text:ti_sysbios_heaps_HeapMem_getStats__E)
                  00010314    00000008                   : BIOS.obj (.tramp.ti_sysbios_knl_Event_post__E.1)
                  0001031c    00000004     --HOLE-- [fill = 0]
                  00010320    00000084                   : BIOS.obj (.text:ti_sysbios_knl_Swi_startup__E)
                  000103a4    00000080     libcli_xwr16xx.aer4f : cli_mmwave.oer4f (.text:CLI_MMWaveChannelCfg)
                  00010424    00000080     libmmwave_xwr16xx.aer4f : mmwave_fullcfg.oer4f (.text:MMWave_getBpmChirpCfg)
                  000104a4    00000080     libuart_xwr16xx.aer4f : uartsci.oer4f (.text:UartSci_writePolling)
                  00010524    00000080     libmmwavelink_xwr16xx.aer4f : rl_driver.oer4f (.text:rlDriverExecuteGetApi)
                  000105a4    00000080     mss_mmw_per4f.oer4f (.text:ti_sysbios_knl_Task_create)
                  00010624    0000007e     libosal_xwr16xx.aer4f : HwiP_tirtos.oer4f (.text:HwiP_create)
                  000106a2    00000002     --HOLE-- [fill = 0]
                  000106a4    0000007c     libmailbox_xwr16xx.aer4f : mailbox.oer4f (.text:Mailbox_init)
                  00010720    0000007c     libuart_xwr16xx.aer4f : uartsci.oer4f (.text:UartSci_readPolling)
                  0001079c    0000007c     sysbios.aer4f : arm_TaskSupport_asm.obj (.text:_ti_sysbios_family_arm_TaskSupport_buildTaskStack)
                  00010818    00000008     --HOLE-- [fill = 0]
                  00010820    0000007c                   : BIOS.obj (.text:ti_sysbios_family_arm_v7r_vim_Hwi_phantomIntHandler__I)
                  0001089c    0000007b     cli.oer4f (.text:MmwDemo_CLIGetSubframe)
                  00010917    00000001     --HOLE-- [fill = 0]
                  00010918    0000007a     rtsv7R4_T_le_v3D16_eabi.lib : memset_t2.obj (.text)
                  00010992    00000002     --HOLE-- [fill = 0]
                  00010994    00000078     libcli_xwr16xx.aer4f : cli_mmwave.oer4f (.text:CLI_MMWaveADCCfg)
                  00010a0c    00000078     libmmwave_xwr16xx.aer4f : mmwave_xwr16xx.oer4f (.text:MMWave_deviceOpenFxn)
                  00010a84    00000078                             : mmwave_fullcfg.oer4f (.text:MMWave_getNumChirps)
                  00010afc    00000078                             : mmwave.oer4f (.text:MMWave_open)
                  00010b74    00000078     cli.oer4f (.text:MmwDemo_CLIExtendedMaxVelocity)
                  00010bec    00000004     --HOLE-- [fill = 0]
                  00010bf0    00000078     sysbios.aer4f : BIOS.obj (.text:xdc_runtime_System_exit__E)
                  00010c68    00000074     libmmwave_xwr16xx.aer4f : mmwave.oer4f (.text:MMWave_config)
                  00010cdc    00000074                             : mmwave_xwr16xx.oer4f (.text:MMWave_deviceStartFxn)
                  00010d50    00000074     cli.oer4f (.text:MmwDemo_CLIClutterRemoval)
                  00010dc4    00000074     mss_main.oer4f (.text:MmwDemo_Dss2MssISR)
                  00010e38    00000074     libsoc_xwr16xx.aer4f : soc.oer4f (.text:SOC_init)
                  00010eac    00000074     boot.aer4f : boot.oer4f (.text)
                  00010f20    00000074     libmmwavelink_xwr16xx.aer4f : rl_driver.oer4f (.text:rlDriverAsyncEventHandler)
                  00010f94    00000074                                 : rl_driver.oer4f (.text:rlDriverProcRdMsg)
                  00011008    00000074     rtsv7R4_T_le_v3D16_eabi.lib : getdevice.obj (.text)
                  0001107c    00000074                                 : s_frexp.obj (.text)
                  000110f0    00000072     libmmwavelink_xwr16xx.aer4f : rl_driver.oer4f (.text:rlDriverClientCbCheck)
                  00011162    00000002     --HOLE-- [fill = 0]
                  00011164    00000070     libmmwave_xwr16xx.aer4f : mmwave_xwr16xx.oer4f (.text:MMWave_deviceCfgFxn)
                  000111d4    0000000c     rtsv7R4_T_le_v3D16_eabi.lib : memset_t2.obj (.tramp.memset.1)
                  000111e0    00000070     sysbios.aer4f : BIOS.obj (.text:ti_sysbios_family_arm_v7r_vim_Hwi_getStackInfo__E)
                  00011250    00000070                   : BIOS.obj (.text:xdc_runtime_Text_xprintf__I)
                  000112c0    0000006c     libdma_xwr16xx.aer4f : dma.oer4f (.text:DMA_disableChannel)
                  0001132c    0000006c     libgpio_xwr16xx.aer4f : gpio.oer4f (.text:GPIO_enableInt)
                  00011398    0000006c     libmmwave_xwr16xx.aer4f : mmwave_link.oer4f (.text:MMWave_spawn)
                  00011404    0000006c                             : mmwave_link.oer4f (.text:MMWave_stopLink)
                  00011470    0000006c     libpinmux_xwr16xx.aer4f : pinmux.oer4f (.text:Pinmux_Set_FuncSel)
                  000114dc    0000006c     rtsv7R4_T_le_v3D16_eabi.lib : copy_decompress_lzss.obj (.text:decompress:lzss)
                  00011548    0000006c                                 : trgmsg.obj (.text)
                  000115b4    0000000c                                 : cpy_tbl.obj (.tramp.copy_in.1)
                  000115c0    0000006c     sysbios.aer4f : BIOS.obj (.text:ti_sysbios_heaps_HeapMem_init__I)
                  0001162c    00000004     --HOLE-- [fill = 0]
                  00011630    0000006c                   : BIOS.obj (.text:ti_sysbios_knl_Task_allBlockedFunction__I)
                  0001169c    00000004     --HOLE-- [fill = 0]
                  000116a0    0000006c                   : BIOS.obj (.text:xdc_runtime_System_atexit__E)
                  0001170c    0000006a     libuart_xwr16xx.aer4f : uartsci.oer4f (.text:UartSci_control)
                  00011776    00000002     --HOLE-- [fill = 0]
                  00011778    00000068     libdma_xwr16xx.aer4f : dma.oer4f (.text:DMA_enableChannel)
                  000117e0    00000068     libmmwave_xwr16xx.aer4f : mmwave_xwr16xx.oer4f (.text:MMWave_deviceStopFxn)
                  00011848    00000068     libmailbox_xwr16xx.aer4f : mailbox.oer4f (.text:Mailbox_readFlush)
                  000118b0    00000068     libmmwavelink_xwr16xx.aer4f : rl_driver.oer4f (.text:rlDriverExecuteSetApi)
                  00011918    00000068                                 : rl_driver.oer4f (.text:rlDriverHostIrqHandler)
                  00011980    00000068     rtsv7R4_T_le_v3D16_eabi.lib : hostlseek.obj (.text)
                  000119e8    00000068                                 : hostrename.obj (.text)
                  00011a50    00000068     sysbios.aer4f : BIOS.obj (.text:ti_sysbios_family_arm_v7r_tms570_Core_Module_startup__E)
                  00011ab8    00000067     mss_main.oer4f (.text:MmwDemo_mssSetHsiClk)
                  00011b1f    00000001     --HOLE-- [fill = 0]
                  00011b20    00000066     libmmwavelink_xwr16xx.aer4f : rl_device.oer4f (.text:rlDevicePowerOff)
                  00011b86    00000002     --HOLE-- [fill = 0]
                  00011b88    00000064     libcli_xwr16xx.aer4f : cli_mmwave.oer4f (.text:CLI_MMWaveLowPowerCfg)
                  00011bec    00000064     libosal_xwr16xx.aer4f : SemaphoreP_tirtos.oer4f (.text:SemaphoreP_create)
                  00011c50    00000064     rtsv7R4_T_le_v3D16_eabi.lib : fseek.obj (.text)
                  00011cb4    00000064                                 : sprintf.obj (.text)
                  00011d18    00000064     sysbios.aer4f : exc_Exception_asm.obj (.text:ti_sysbios_family_arm_exc_Exception_initCore0__I)
                  00011d7c    00000004     --HOLE-- [fill = 0]
                  00011d80    00000064                   : BIOS.obj (.text:ti_sysbios_hal_Hwi_checkStack)
                  00011de4    0000000c     --HOLE-- [fill = 0]
                  00011df0    00000064                   : BIOS.obj (.text:xdc_runtime_Core_assignParams__I)
                  00011e54    00000060     libcli_xwr16xx.aer4f : cli_mmwave.oer4f (.text:CLI_MMWaveExtensionHandler)
                  00011eb4    00000060     libgpio_xwr16xx.aer4f : gpio.oer4f (.text:GPIO_setCallback)
                  00011f14    0000000c     --HOLE-- [fill = 0]
                  00011f20    00000060     sysbios.aer4f : BIOS.obj (.text:ti_sysbios_timers_rti_Timer_stop__E)
                  00011f80    0000005e     libuart_xwr16xx.aer4f : uartsci.oer4f (.text:UartSci_writeChar)
                  00011fde    00000002     --HOLE-- [fill = 0]
                  00011fe0    0000005c     libmmwave_xwr16xx.aer4f : mmwave_link.oer4f (.text:MMWave_mboxOpen)
                  0001203c    0000005c                             : mmwave.oer4f (.text:MMWave_stop)
                  00012098    0000005c     rtsv7R4_T_le_v3D16_eabi.lib : hostopen.obj (.text)
                  000120f4    0000005c                                 : hostread.obj (.text)
                  00012150    0000005a     libuart_xwr16xx.aer4f : uartsci.oer4f (.text:UartSci_readCancel)
                  000121aa    0000005a     libmmwavelink_xwr16xx.aer4f : rl_driver.oer4f (.text:rlDriverCalChkSum)
                  00012204    00000058     libesm_xwr16xx.aer4f : esm.oer4f (.text:ESM_highpriority_FIQ)
                  0001225c    00000058     libmmwave_xwr16xx.aer4f : mmwave.oer4f (.text:MMWave_execute)
                  000122b4    00000058                             : mmwave_link.oer4f (.text:MMWave_initCRC)
                  0001230c    00000058     mss_main.oer4f (.text:MmwDemo_mmWaveCtrlTask)
                  00012364    00000058     libuart_xwr16xx.aer4f : uartsci_dma.oer4f (.text:UartSci_closeDMA)
                  000123bc    00000058     libmmwavelink_xwr16xx.aer4f : rl_driver.oer4f (.text:rlDriverMsgReadSpawnCtx)
                  00012414    00000058     rtsv7R4_T_le_v3D16_eabi.lib : close.obj (.text)
                  0001246c    00000058                                 : hostwrite.obj (.text)
                  000124c4    0000000c     --HOLE-- [fill = 0]
                  000124d0    00000058     sysbios.aer4f : BIOS.obj (.text:ti_sysbios_family_arm_TaskSupport_start__E)
                  00012528    00000058     mss_mmw_per4f.oer4f (.text:ti_sysbios_rts_gnu_MemAlloc_alloc)
                  00012580    00000056     libmmwavelink_xwr16xx.aer4f : rl_driver.oer4f (.text:rlDriverOsiCbCheck)
                  000125d6    00000002     --HOLE-- [fill = 0]
                  000125d8    00000054     libcrc_xwr16xx.aer4f : crc.oer4f (.text:CRC_getTransactionId)
                  0001262c    00000054     libdma_xwr16xx.aer4f : dma.oer4f (.text:DMA_freeChannel)
                  00012680    00000054     libmmwave_xwr16xx.aer4f : mmwave_link.oer4f (.text:MMWave_initLink)
                  000126d4    00000054     rtsv7R4_T_le_v3D16_eabi.lib : ltoa.obj (.text)
                  00012728    00000008     --HOLE-- [fill = 0]
                  00012730    00000054     sysbios.aer4f : BIOS.obj (.text:ti_sysbios_hal_Hwi_initStack)
                  00012784    00000054     mss_mmw_per4f.oer4f (.text:ti_sysbios_knl_Semaphore_create)
                  000127d8    00000008     --HOLE-- [fill = 0]
                  000127e0    00000053     sysbios.aer4f : BIOS.obj (.text:xdc_runtime_Text_printVisFxn__I)
                  00012833    00000001     --HOLE-- [fill = 0]
                  00012834    00000050     libcrc_xwr16xx.aer4f : crc.oer4f (.text:CRC_getSignature)
                  00012884    00000050     libmmwave_xwr16xx.aer4f : mmwave.oer4f (.text:MMWave_sync)
                  000128d4    00000050     libmmwavelink_xwr16xx.aer4f : rl_driver.oer4f (.text:rlDeviceIdentifyCmdDir)
                  00012924    00000050                                 : rl_driver.oer4f (.text:rlDriverVerifyCRC)
                  00012974    00000050     rtsv7R4_T_le_v3D16_eabi.lib : atoi.obj (.text)
                  000129c4    00000050                                 : exit.obj (.text)
                  00012a14    00000050                                 : u_div32.obj (.text)
                  00012a64    0000000c     --HOLE-- [fill = 0]
                  00012a70    00000050     sysbios.aer4f : BIOS.obj (.text:ti_sysbios_knl_Event_pendTimeout__I)
                  00012ac0    00000050                   : BIOS.obj (.text:ti_sysbios_knl_Semaphore_pendTimeout__I)
                  00012b10    0000004c     libmailbox_xwr16xx.aer4f : mailbox.oer4f (.text:Mailbox_boxEmptyISRProcessing)
                  00012b5c    0000004c     libuart_xwr16xx.aer4f : uartsci.oer4f (.text:UartSci_writeCancel)
                  00012ba8    0000004c     rtsv7R4_T_le_v3D16_eabi.lib : cpy_tbl.obj (.text)
                  00012bf4    0000004c     mss_mmw_per4f.oer4f (.text:ti_sysbios_gates_GateHwi_Object__create__S)
                  00012c40    0000004c     mss_mmw_per4f.oer4f (.text:ti_sysbios_gates_GateMutex_Object__create__S)
                  00012c8c    0000004c     mss_mmw_per4f.oer4f (.text:ti_sysbios_heaps_HeapMem_Object__create__S)
                  00012cd8    0000004c     mss_mmw_per4f.oer4f (.text:ti_sysbios_knl_Event_create)
                  00012d24    0000004c     mss_mmw_per4f.oer4f (.text:ti_sysbios_knl_Semaphore_construct)
                  00012d70    0000004a     libmailbox_xwr16xx.aer4f : mailbox.oer4f (.text:Mailbox_boxFullISRProcessing)
                  00012dba    00000002     --HOLE-- [fill = 0]
                  00012dbc    00000048     libcli_xwr16xx.aer4f : cli.oer4f (.text:CLI_write)
                  00012e04    00000048     libmmwavelink_xwr16xx.aer4f : rl_device.oer4f (.text:rlDeviceGetVersion)
                  00012e4c    00000048                                 : rl_driver.oer4f (.text:rlDriverOsiInit)
                  00012e94    00000046     libmailbox_xwr16xx.aer4f : mailbox.oer4f (.text:CSL_FINSR)
                  00012eda    00000044     libcrc_xwr16xx.aer4f : crc.oer4f (.text:CRC_resetSignature)
                  00012f1e    00000002     --HOLE-- [fill = 0]
                  00012f20    00000044     libmailbox_xwr16xx.aer4f : mailbox.oer4f (.text:Mailbox_boxFullISRMssDss)
                  00012f64    00000044     cli.oer4f (.text:MmwDemo_mssCfgUpdate)
                  00012fa8    00000044     rtsv7R4_T_le_v3D16_eabi.lib : hostclose.obj (.text)
                  00012fec    00000044                                 : hostunlink.obj (.text)
                  00013030    00000044     mss_mmw_per4f.oer4f (.text:ti_sysbios_BIOS_atExitFunc__I)
                  00013074    0000000c     --HOLE-- [fill = 0]
                  00013080    00000044     sysbios.aer4f : BIOS.obj (.text:ti_sysbios_heaps_HeapMem_free__E)
                  000130c4    00000044     mss_mmw_per4f.oer4f (.text:ti_sysbios_knl_Clock_doTick__I)
                  00013108    00000044     mss_mmw_per4f.oer4f (.text:ti_sysbios_knl_Queue_construct)
                  0001314c    00000004     --HOLE-- [fill = 0]
                  00013150    00000044     sysbios.aer4f : BIOS.obj (.text:ti_sysbios_knl_Swi_Module_startup__E)
                  00013194    0000000c     --HOLE-- [fill = 0]
                  000131a0    00000044                   : BIOS.obj (.text:ti_sysbios_knl_Task_restoreHwi__E)
                  000131e4    0000000c     --HOLE-- [fill = 0]
                  000131f0    00000044                   : BIOS.obj (.text:ti_sysbios_timers_rti_Timer_periodicStub__E)
                  00013234    00000042     libmmwave_xwr16xx.aer4f : mmwave_link.oer4f (.text:MMWave_executeLink)
                  00013276    00000040     libmmwavelink_xwr16xx.aer4f : rl_driver.oer4f (.text:rlDriverValidateHdr)
                  000132b6    00000002     --HOLE-- [fill = 0]
                  000132b8    00000040     rtsv7R4_T_le_v3D16_eabi.lib : strtok.obj (.text)
                  000132f8    0000003e     libcrc_xwr16xx.aer4f : crc.oer4f (.text:CSL_FINSR)
                  00013336    0000003e     libdma_xwr16xx.aer4f : dma.oer4f (.text:CSL_FINSR)
                  00013374    0000003e     libgpio_xwr16xx.aer4f : gpio.oer4f (.text:CSL_FINSR)
                  000133b2    0000003e     libpinmux_xwr16xx.aer4f : pinmux.oer4f (.text:CSL_FINSR)
                  000133f0    0000003e     libsoc_xwr16xx.aer4f : soc.oer4f (.text:CSL_FINSR)
                  0001342e    0000003e                          : soc_xwr16xx.oer4f (.text:CSL_FINSR)
                  0001346c    0000003e                          : soc_xwr16xx_mss.oer4f (.text:CSL_FINSR)
                  000134aa    0000003e     libuart_xwr16xx.aer4f : uartsci.oer4f (.text:CSL_FINSR)
                  000134e8    0000003e     libmmwave_xwr16xx.aer4f : mmwave.oer4f (.text:MMWave_decodeError)
                  00013526    0000003e     libuart_xwr16xx.aer4f : uartsci.oer4f (.text:UartSci_close)
                  00013564    0000003c     libcli_xwr16xx.aer4f : cli_mmwave.oer4f (.text:CLI_MMWaveFlushCfg)
                  000135a0    0000003c     libmailbox_xwr16xx.aer4f : mailbox.oer4f (.text:Mailbox_writeReset)
                  000135dc    0000003c     libsoc_xwr16xx.aer4f : soc.oer4f (.text:SOC_unhaltBSS)
                  00013618    0000003c     libmmwavelink_xwr16xx.aer4f : rl_controller.oer4f (.text:rlGetSubBlock)
                  00013654    0000003c     sysbios.aer4f : vim_Hwi_asm.obj (.text:ti_sysbios_family_arm_v7r_vim_Hwi_init__I)
                  00013690    0000003c                   : BIOS.obj (.text:xdc_runtime_System_aprintf_va__F)
                  000136cc    0000003a     libosal_xwr16xx.aer4f : HwiP_tirtos.oer4f (.text:HwiP_delete)
                  00013706    00000002     --HOLE-- [fill = 0]
                  00013708    00000038     libuart_xwr16xx.aer4f : UART.oer4f (.text:UART_init)
                  00013740    00000038     mss_mmw_per4f.oer4f (.text:ti_sysbios_BIOS_startFunc__I)
                  00013778    00000008     --HOLE-- [fill = 0]
                  00013780    00000038     sysbios.aer4f : BIOS.obj (.text:xdc_runtime_System_printf_va__F)
                  000137b8    00000036     libmmwavelink_xwr16xx.aer4f : rl_controller.oer4f (.text:rlAppendSubBlock)
                  000137ee    00000036     rtsv7R4_T_le_v3D16_eabi.lib : strncpy.obj (.text)
                  00013824    00000034     libmmwave_xwr16xx.aer4f : mmwave_link.oer4f (.text:MMWave_mboxWrite)
                  00013858    00000034     mss_main.oer4f (.text:MmwDemo_installDss2MssExceptionSignallingISR)
                  0001388c    00000034     libsoc_xwr16xx.aer4f : soc_xwr16xx_mss.oer4f (.text:SOC_isSecureDevice)
                  000138c0    00000034                          : soc_xwr16xx.oer4f (.text:SOC_setMMWaveDSSLinkState)
                  000138f4    00000034                          : soc_xwr16xx.oer4f (.text:SOC_setMMWaveMSSLinkState)
                  00013928    00000034     libuart_xwr16xx.aer4f : UART.oer4f (.text:UART_open)
                  0001395c    00000034     mss_mmw_per4f.oer4f (.text:ti_sysbios_BIOS_errorRaiseHook__I)
                  00013990    00000034     mss_mmw_per4f.oer4f (.text:ti_sysbios_BIOS_registerRTSLock__I)
                  000139c4    00000034     mss_mmw_per4f.oer4f (.text:ti_sysbios_BIOS_removeRTSLock__I)
                  000139f8    00000034     mss_mmw_per4f.oer4f (.text:ti_sysbios_family_arm_v7r_vim_Hwi_Object__delete__S)
                  00013a2c    00000034     mss_mmw_per4f.oer4f (.text:ti_sysbios_gates_GateMutex_Object__delete__S)
                  00013a60    00000034     sysbios.aer4f : BIOS.obj (.text:ti_sysbios_knl_Clock_Module_startup__E)
                  00013a94    0000000c     --HOLE-- [fill = 0]
                  00013aa0    00000034                   : BIOS.obj (.text:ti_sysbios_knl_Idle_run__E)
                  00013ad4    00000034     mss_mmw_per4f.oer4f (.text:ti_sysbios_knl_Semaphore_Object__delete__S)
                  00013b08    00000008     --HOLE-- [fill = 0]
                  00013b10    00000034     sysbios.aer4f : BIOS.obj (.text:xdc_runtime_SysStd_abort__E)
                  00013b44    00000032     libcrc_xwr16xx.aer4f : crc.oer4f (.text:CRC_getCRCDataSelectBitValue)
                  00013b76    00000002     --HOLE-- [fill = 0]
                  00013b78    00000032                          : crc.oer4f (.text:CRC_getCRCTypeBitValue)
                  00013baa    00000030     libmmwave_xwr16xx.aer4f : mmwave_listlib.oer4f (.text:MMWave_listRemoveNode)
                  00013bda    00000030     libmmwavelink_xwr16xx.aer4f : rl_sensor.oer4f (.text:rlSensorStart)
                  00013c0a    00000002     --HOLE-- [fill = 0]
                  00013c0c    00000030     mss_mmw_per4f.oer4f (.text:ti_sysbios_BIOS_rtsLock__I)
                  00013c3c    00000004     --HOLE-- [fill = 0]
                  00013c40    00000030     sysbios.aer4f : BIOS.obj (.text:ti_sysbios_family_arm_v7r_vim_Hwi_disableInterrupt__E)
                  00013c70    00000030                   : BIOS.obj (.text:ti_sysbios_family_arm_v7r_vim_Hwi_enableInterrupt__E)
                  00013ca0    00000030     mss_mmw_per4f.oer4f (.text:ti_sysbios_gates_GateHwi_Object__delete__S)
                  00013cd0    00000030     sysbios.aer4f : BIOS.obj (.text:ti_sysbios_gates_GateMutex_Instance_init__E)
                  00013d00    00000030     mss_mmw_per4f.oer4f (.text:ti_sysbios_heaps_HeapMem_Object__delete__S)
                  00013d30    0000002c     libgpio_xwr16xx.aer4f : gpio.oer4f (.text:GPIO_HighPriorityISR)
                  00013d5c    0000002c                           : gpio.oer4f (.text:GPIO_LowPriorityISR)
                  00013d88    0000002c     libmmwave_xwr16xx.aer4f : mmwave_osal.oer4f (.text:MMWave_osalMutexCreate)
                  00013db4    0000002c                             : mmwave_osal.oer4f (.text:MMWave_osalSemCreate)
                  00013de0    0000002c     libsoc_xwr16xx.aer4f : soc_xwr16xx_mss.oer4f (.text:SOC_waitBSSPowerUp)
                  00013e0c    0000002c     libmmwavelink_xwr16xx.aer4f : rl_device.oer4f (.text:rlDeviceGetMssVersion)
                  00013e38    0000002c                                 : rl_sensor.oer4f (.text:rlSensorStop)
                  00013e64    0000002c     rtsv7R4_T_le_v3D16_eabi.lib : unlink.obj (.text)
                  00013e90    0000002c     mss_mmw_per4f.oer4f (.text:ti_sysbios_gates_GateHwi_Handle__label__S)
                  00013ebc    0000002c     mss_mmw_per4f.oer4f (.text:ti_sysbios_gates_GateMutex_Handle__label__S)
                  00013ee8    0000002c     mss_mmw_per4f.oer4f (.text:ti_sysbios_heaps_HeapMem_Handle__label__S)
                  00013f14    0000002c     mss_mmw_per4f.oer4f (.text:ti_sysbios_knl_Semaphore_destruct)
                  00013f40    0000002c     sysbios.aer4f : BIOS.obj (.text:ti_sysbios_knl_Task_enter__I)
                  00013f6c    0000002a     libsoc_xwr16xx.aer4f : soc.oer4f (.text:SOC_SystemISR)
                  00013f96    0000002a     rtsv7R4_T_le_v3D16_eabi.lib : strspn.obj (.text)
                  00013fc0    00000028     libmailbox_xwr16xx.aer4f : mailbox.oer4f (.text:Mailbox_Config_init)
                  00013fe8    00000028     libuart_xwr16xx.aer4f : uartsci_dma.oer4f (.text:UartSci_RxDMACallbackFxn)
                  00014010    00000028                           : uartsci_dma.oer4f (.text:UartSci_TxDMACallbackFxn)
                  00014038    00000028     mss_mmw_per4f.oer4f (.text:free)
                  00014060    00000028     cli.oer4f (.text:log2Approx)
                  00014088    00000028     libmmwavelink_xwr16xx.aer4f : rl_device.oer4f (.text:rlDeviceGetMmWaveLinkVersion)
                  000140b0    00000028                                 : rl_driver.oer4f (.text:rlDriverConstructInMsg)
                  000140d8    00000028     rtsv7R4_T_le_v3D16_eabi.lib : lseek.obj (.text)
                  00014100    00000028                                 : write.obj (.text)
                  00014128    00000028     mss_mmw_per4f.oer4f (.text:ti_sysbios_BIOS_rtsUnlock__I)
                  00014150    00000028     sysbios.aer4f : BIOS.obj (.text:ti_sysbios_family_arm_v7a_Pmu_Module_startup__E)
                  00014178    00000028     mss_mmw_per4f.oer4f (.text:ti_sysbios_family_arm_v7r_vim_Hwi_Module__startupDone__F)
                  000141a0    00000028     sysbios.aer4f : BIOS.obj (.text:ti_sysbios_gates_GateMutex_leave__E)
                  000141c8    00000028     mss_mmw_per4f.oer4f (.text:ti_sysbios_knl_Queue_destruct)
                  000141f0    00000028     mss_mmw_per4f.oer4f (.text:ti_sysbios_timers_rti_Timer_Module__startupDone__F)
                  00014218    00000008     --HOLE-- [fill = 0]
                  00014220    00000028     sysbios.aer4f : BIOS.obj (.text:xdc_runtime_Error_init__E)
                  00014248    00000028     mss_mmw_per4f.oer4f (.text:xdc_runtime_System_aprintf__E)
                  00014270    00000028     mss_mmw_per4f.oer4f (.text:xdc_runtime_System_printf__E)
                  00014298    00000026     libmmwavelink_xwr16xx.aer4f : rl_sensor.oer4f (.text:rlRfInitCalibConfig)
                  000142be    00000026                                 : rl_sensor.oer4f (.text:rlRfRunTimeCalibConfig)
                  000142e4    00000026                                 : rl_sensor.oer4f (.text:rlRfSetCalMonFreqLimitConfig)
                  0001430a    00000026                                 : rl_sensor.oer4f (.text:rlRfSetDeviceCfg)
                  00014330    00000026                                 : rl_sensor.oer4f (.text:rlSetAdcOutConfig)
                  00014356    00000026                                 : rl_sensor.oer4f (.text:rlSetBpmCommonConfig)
                  0001437c    00000026                                 : rl_sensor.oer4f (.text:rlSetChannelConfig)
                  000143a2    00000026                                 : rl_sensor.oer4f (.text:rlSetContModeConfig)
                  000143c8    00000026     rtsv7R4_T_le_v3D16_eabi.lib : memcmp.obj (.text)
                  000143ee    00000024     libcrc_xwr16xx.aer4f : crc.oer4f (.text:CRC_isTransactionIdValid)
                  00014412    00000002     --HOLE-- [fill = 0]
                  00014414    00000024     libgpio_xwr16xx.aer4f : gpio.oer4f (.text:GPIO_processInterrupt)
                  00014438    00000024     mss_main.oer4f (.text:MmwDemo_notifySensorStart)
                  0001445c    00000024     libsoc_xwr16xx.aer4f : soc_xwr16xx.oer4f (.text:SOC_isMMWaveDSSOperational)
                  00014480    00000024                          : soc_xwr16xx.oer4f (.text:SOC_isMMWaveMSSOperational)
                  000144a4    00000024     libmmwavelink_xwr16xx.aer4f : rl_device.oer4f (.text:rlDeviceSetHsiClk)
                  000144c8    00000024                                 : rl_sensor.oer4f (.text:rlEnableContMode)
                  000144ec    00000024                                 : rl_sensor.oer4f (.text:rlRfSetCalMonTimeUnitConfig)
                  00014510    00000024                                 : rl_sensor.oer4f (.text:rlSetLowPowerModeConfig)
                  00014534    00000022     cli.oer4f (.text:MmwDemo_CLISensorStart)
                  00014556    00000022     libuart_xwr16xx.aer4f : uartsci.oer4f (.text:UartSci_disableRxDMA)
                  00014578    00000022                           : uartsci.oer4f (.text:UartSci_enableRxDMA)
                  0001459a    00000022     rtsv7R4_T_le_v3D16_eabi.lib : strcspn.obj (.text)
                  000145bc    00000020     libcli_xwr16xx.aer4f : cli_mmwave.oer4f (.text:CLI_MMWaveExtensionInit)
                  000145dc    00000020     libesm_xwr16xx.aer4f : esm.oer4f (.text:ESM_lowpriority_IRQ)
                  000145fc    00000020     libmmwave_xwr16xx.aer4f : mmwave_listlib.oer4f (.text:MMWave_listCat)
                  0001461c    00000020     libpinmux_xwr16xx.aer4f : pinmux.oer4f (.text:Pinmux_Unlock)
                  0001463c    00000020     libmmwavelink_xwr16xx.aer4f : rl_sensor.oer4f (.text:rlRfInit)
                  0001465c    00000020     mss_mmw_per4f.oer4f (.text:ti_sysbios_BIOS_exitFunc__I)
                  0001467c    00000004     --HOLE-- [fill = 0]
                  00014680    00000020     sysbios.aer4f : BIOS.obj (.text:ti_sysbios_family_arm_v7r_vim_Hwi_clearInterrupt__E)
                  000146a0    00000020                   : BIOS.obj (.text:ti_sysbios_knl_Task_sleepTimeout__I)
                  000146c0    0000001e     libmmwave_xwr16xx.aer4f : mmwave_fullcfg.oer4f (.text:MMWave_internalDelChirp)
                  000146de    0000001e     libsoc_xwr16xx.aer4f : soc_xwr16xx_mss.oer4f (.text:SOC_getOutAddr_LUTType)
                  000146fc    0000001c     libcrc_xwr16xx.aer4f : crc.oer4f (.text:CRC_releaseTransactionId)
                  00014718    0000001c     libdma_xwr16xx.aer4f : dma.oer4f (.text:CSL_FEXTR)
                  00014734    0000001c     libmmwave_xwr16xx.aer4f : mmwave.oer4f (.text:CSL_FEXTR)
                  00014750    0000001c     libsoc_xwr16xx.aer4f : soc_xwr16xx.oer4f (.text:CSL_FEXTR)
                  0001476c    0000001c                          : soc_xwr16xx_mss.oer4f (.text:CSL_FEXTR)
                  00014788    0000001c     libuart_xwr16xx.aer4f : uartsci.oer4f (.text:CSL_FEXTR)
                  000147a4    0000001c     libmmwave_xwr16xx.aer4f : mmwave_listlib.oer4f (.text:MMWave_listRemove)
                  000147c0    0000001c     mss_main.oer4f (.text:MmwDemo_mboxWrite)
                  000147dc    0000001c     mss_main.oer4f (.text:MmwDemo_mssMmwaveStartCallbackFxn)
                  000147f8    0000001c     mss_main.oer4f (.text:MmwDemo_notifySensorStop)
                  00014814    0000001c     libsoc_xwr16xx.aer4f : soc_xwr16xx_mss.oer4f (.text:SOC_getInAddr_LUTType)
                  00014830    0000001c     sysbios.aer4f : arm_TaskSupport_asm.obj (.text:_ti_sysbios_family_arm_TaskSupport_glue)
                  0001484c    0000001c     rtsv7R4_T_le_v3D16_eabi.lib : memccpy.obj (.text)
                  00014868    0000001c     mss_mmw_per4f.oer4f (.text:ti_sysbios_heaps_HeapMem_Object__get__S)
                  00014884    0000000c     --HOLE-- [fill = 0]
                  00014890    0000001c     sysbios.aer4f : BIOS.obj (.text:ti_sysbios_knl_Event_Instance_init__E)
                  000148ac    0000001c     mss_mmw_per4f.oer4f (.text:ti_sysbios_knl_Swi_Object__get__S)
                  000148c8    0000001c     mss_mmw_per4f.oer4f (.text:xdc_runtime_Startup_exec__I)
                  000148e4    0000001a     libsoc_xwr16xx.aer4f : soc.oer4f (.text:CSL_FEXTR)
                  000148fe    0000001a     libmmwave_xwr16xx.aer4f : mmwave_xwr16xx.oer4f (.text:MMWave_deviceSyncFxn)
                  00014918    0000001a                             : mmwave.oer4f (.text:MMWave_encodeError)
                  00014932    0000001a                             : mmwave_listlib.oer4f (.text:MMWave_listAdd)
                  0001494c    0000001a     rtsv7R4_T_le_v3D16_eabi.lib : s_copysign.obj (.text)
                  00014966    00000018     libmmwave_xwr16xx.aer4f : mmwave_osal.oer4f (.text:MMWave_osalMutexLock)
                  0001497e    00000018                             : mmwave_osal.oer4f (.text:MMWave_osalSemWait)
                  00014996    00000002     --HOLE-- [fill = 0]
                  00014998    00000018     libmailbox_xwr16xx.aer4f : mailbox.oer4f (.text:Mailbox_boxEmptyISRBss)
                  000149b0    00000018                              : mailbox.oer4f (.text:Mailbox_boxEmptyISRMssDss)
                  000149c8    00000018                              : mailbox.oer4f (.text:Mailbox_boxFullISRBss)
                  000149e0    00000018     sysbios.aer4f : arm_TaskSupport_asm.obj (.text:_ti_sysbios_family_arm_TaskSupport_swap__E)
                  000149f8    00000018     libmmwavelink_xwr16xx.aer4f : rl_device.oer4f (.text:rlDeviceGetRfVersion)
                  00014a10    00000018                                 : rl_driver.oer4f (.text:rlDriverCalCRC)
                  00014a28    00000018                                 : rl_driver.oer4f (.text:rlDriverFillPayload)
                  00014a40    00000018                                 : rl_driver.oer4f (.text:rlDriverIsDeviceMapValid)
                  00014a58    00000018     rtsv7R4_T_le_v3D16_eabi.lib : args_main.obj (.text)
                  00014a70    00000018                                 : strcmp.obj (.text)
                  00014a88    00000008     --HOLE-- [fill = 0]
                  00014a90    00000018     sysbios.aer4f : BIOS.obj (.text:ti_sysbios_BIOS_setThreadType__E)
                  00014aa8    00000008     --HOLE-- [fill = 0]
                  00014ab0    00000018                   : BIOS.obj (.text:ti_sysbios_BIOS_start__E)
                  00014ac8    00000018                   : BIOS.obj (.text:ti_sysbios_family_arm_v7a_Pmu_initCounters__I)
                  00014ae0    00000018                   : BIOS.obj (.text:ti_sysbios_hal_Hwi_Module_startup__E)
                  00014af8    00000018     mss_mmw_per4f.oer4f (.text:ti_sysbios_heaps_HeapBuf_Object__get__S)
                  00014b10    00000018     sysbios.aer4f : BIOS.obj (.text:ti_sysbios_knl_Idle_loop__E)
                  00014b28    00000008     --HOLE-- [fill = 0]
                  00014b30    00000018                   : BIOS.obj (.text:ti_sysbios_knl_Queue_empty__E)
                  00014b48    00000008     --HOLE-- [fill = 0]
                  00014b50    00000018                   : BIOS.obj (.text:ti_sysbios_knl_Swi_disable__E)
                  00014b68    00000018     mss_mmw_per4f.oer4f (.text:ti_sysbios_knl_Task_Object__get__S)
                  00014b80    00000018     sysbios.aer4f : BIOS.obj (.text:ti_sysbios_knl_Task_disable__E)
                  00014b98    00000018     mss_mmw_per4f.oer4f (.text:xdc_runtime_Text_visitRope__I)
                  00014bb0    00000016     rtsv7R4_T_le_v3D16_eabi.lib : strchr.obj (.text)
                  00014bc6    00000016                                 : strlen.obj (.text)
                  00014bdc    00000014     libcli_xwr16xx.aer4f : cli_mmwave.oer4f (.text:CLI_getMMWaveExtensionOpenConfig)
                  00014bf0    00000014     libosal_xwr16xx.aer4f : HwiP_tirtos.oer4f (.text:HwiP_Params_init)
                  00014c04    00000014     libmmwave_xwr16xx.aer4f : mmwave_fullcfg.oer4f (.text:MMWave_internalDelBpmChirp)
                  00014c18    00000014                             : mmwave_fullcfg.oer4f (.text:MMWave_internalDelProfile)
                  00014c2c    00000014                             : mmwave_osal.oer4f (.text:MMWave_osalMutexDelete)
                  00014c40    00000014                             : mmwave_osal.oer4f (.text:MMWave_osalSemDelete)
                  00014c54    00000014     libpinmux_xwr16xx.aer4f : pinmux.oer4f (.text:Pinmux_Lock)
                  00014c68    00000014     libuart_xwr16xx.aer4f : uartsci.oer4f (.text:UartSci_disableTxDMA)
                  00014c7c    00000014                           : uartsci.oer4f (.text:UartSci_enableTxDMA)
                  00014c90    00000014     libosal_xwr16xx.aer4f : DebugP_tirtos.oer4f (.text:_DebugP_assert)
                  00014ca4    00000014     libmmwavelink_xwr16xx.aer4f : rl_controller.oer4f (.text:rlAppendDummy)
                  00014cb8    00000014     rtsv7R4_T_le_v3D16_eabi.lib : _lock.obj (.text)
                  00014ccc    00000014                                 : strcpy.obj (.text)
                  00014ce0    00000014     sysbios.aer4f : BIOS.obj (.text:ti_sysbios_family_arm_TaskSupport_checkStack__E)
                  00014cf4    0000000c     --HOLE-- [fill = 0]
                  00014d00    00000014                   : BIOS.obj (.text:ti_sysbios_family_arm_v7r_vim_Hwi_switchFromBootStack__E)
                  00014d14    0000000c     --HOLE-- [fill = 0]
                  00014d20    00000014                   : BIOS.obj (.text:ti_sysbios_gates_GateMutex_Instance_finalize__E)
                  00014d34    0000000c     --HOLE-- [fill = 0]
                  00014d40    00000014                   : BIOS.obj (.text:ti_sysbios_knl_Semaphore_Instance_finalize__E)
                  00014d54    00000014     mss_mmw_per4f.oer4f (.text:xdc_runtime_IHeap_alloc)
                  00014d68    00000014     mss_mmw_per4f.oer4f (.text:xdc_runtime_IHeap_free)
                  00014d7c    00000004     --HOLE-- [fill = 0]
                  00014d80    00000014     sysbios.aer4f : BIOS.obj (.text:xdc_runtime_Memory_free__E)
                  00014d94    00000012     libcrc_xwr16xx.aer4f : crc.oer4f (.text:CRC_initConfigParams)
                  00014da6    00000012     libosal_xwr16xx.aer4f : MemoryP_tirtos.oer4f (.text:MemoryP_ctrlAlloc)
                  00014db8    00000012                           : SemaphoreP_tirtos.oer4f (.text:SemaphoreP_pend)
                  00014dca    00000002     --HOLE-- [fill = 0]
                  00014dcc    00000010     libcli_xwr16xx.aer4f : cli_mmwave.oer4f (.text:CLI_getMMWaveExtensionConfig)
                  00014ddc    00000010     libcrc_xwr16xx.aer4f : crc.oer4f (.text:CRC_getSignatureRegister)
                  00014dec    00000010     libmmwave_xwr16xx.aer4f : mmwave_xwr16xx.oer4f (.text:MMWave_deviceGetDeviceInfo)
                  00014dfc    00000010     mss_main.oer4f (.text:MmwDemo_mssMmwaveConfigCallbackFxn)
                  00014e0c    00000010     mss_main.oer4f (.text:MmwDemo_mssMmwaveStopCallbackFxn)
                  00014e1c    00000010     mss_main.oer4f (.text:MmwDemo_switchPressFxn)
                  00014e2c    00000004     --HOLE-- [fill = 0]
                  00014e30    00000010     sysbios.aer4f : BIOS.obj (.text:ti_sysbios_family_arm_TaskSupport_getStackAlignment__E)
                  00014e40    00000010                   : BIOS.obj (.text:ti_sysbios_family_arm_exc_Exception_Module_startup__E)
                  00014e50    00000010                   : BIOS.obj (.text:ti_sysbios_family_arm_v7a_Pmu_disableInterruptI__E)
                  00014e60    00000010                   : BIOS.obj (.text:ti_sysbios_family_arm_v7a_Pmu_enableInterruptI__E)
                  00014e70    00000010                   : BIOS.obj (.text:ti_sysbios_family_arm_v7a_Pmu_getNumCounters__E)
                  00014e80    00000010                   : BIOS.obj (.text:ti_sysbios_family_arm_v7a_Pmu_startCounterI__E)
                  00014e90    00000010                   : BIOS.obj (.text:ti_sysbios_family_arm_v7a_Pmu_stopCounterI__E)
                  00014ea0    00000010     mss_mmw_per4f.oer4f (.text:ti_sysbios_family_arm_v7r_vim_Hwi_Params__init__S)
                  00014eb0    00000010     mss_mmw_per4f.oer4f (.text:ti_sysbios_knl_Queue_Object__get__S)
                  00014ec0    00000010     mss_mmw_per4f.oer4f (.text:ti_sysbios_knl_Semaphore_Params__init__S)
                  00014ed0    00000010     mss_mmw_per4f.oer4f (.text:ti_sysbios_knl_Task_Params__init__S)
                  00014ee0    00000010     sysbios.aer4f : BIOS.obj (.text:xdc_runtime_Startup_rtsDone__E)
                  00014ef0    0000000e     libosal_xwr16xx.aer4f : SemaphoreP_tirtos.oer4f (.text:SemaphoreP_delete)
                  00014efe    0000000e     rtsv7R4_T_le_v3D16_eabi.lib : copy_decompress_none.obj (.text:decompress:none)
                  00014f0c    00000004     --HOLE-- [fill = 0]
                  00014f10    0000000c     sysbios.aer4f : BIOS.obj (.text:ti_sysbios_family_arm_v7r_vim_Hwi_startup__E)
                  00014f1c    00000004     --HOLE-- [fill = 0]
                  00014f20    0000000c                   : BIOS.obj (.text:ti_sysbios_gates_GateHwi_enter__E)
                  00014f2c    00000004     --HOLE-- [fill = 0]
                  00014f30    0000000c                   : BIOS.obj (.text:ti_sysbios_knl_Queue_Instance_init__E)
                  00014f3c    00000004     --HOLE-- [fill = 0]
                  00014f40    0000000c                   : BIOS.obj (.text:xdc_runtime_SysStd_exit__E)
                  00014f4c    00000004     --HOLE-- [fill = 0]
                  00014f50    00000008                   : BIOS.obj (.text:ti_sysbios_gates_GateHwi_leave__E)
                  00014f58    00000008     --HOLE-- [fill = 0]
                  00014f60    00000008                   : BIOS.obj (.text:ti_sysbios_gates_GateHwi_query__E)
                  00014f68    00000008     --HOLE-- [fill = 0]
                  00014f70    00000008                   : BIOS.obj (.text:ti_sysbios_gates_GateMutex_query__E)
                  00014f78    00000008     --HOLE-- [fill = 0]
                  00014f80    00000008                   : BIOS.obj (.text:ti_sysbios_heaps_HeapMem_isBlocking__E)
                  00014f88    00000008     --HOLE-- [fill = 0]
                  00014f90    00000008                   : BIOS.obj (.text:ti_sysbios_timers_rti_Timer_getMaxTicks__E)
                  00014f98    00000008     --HOLE-- [fill = 0]
                  00014fa0    00000008                   : BIOS.obj (.text:xdc_runtime_SysStd_ready__E)
                  00014fa8    00000008     --HOLE-- [fill = 0]
                  00014fb0    00000008                   : BIOS.obj (.text:xdc_runtime_System_Module_startup__E)
                  00014fb8    00000008     --HOLE-- [fill = 0]
                  00014fc0    00000004                   : BIOS.obj (.text:ti_sysbios_BIOS_linkedWithIncorrectBootLibrary__E)
                  00014fc4    0000000c     --HOLE-- [fill = 0]
                  00014fd0    00000004                   : BIOS.obj (.text:ti_sysbios_gates_GateHwi_Instance_init__E)
                  00014fd4    0000000c     --HOLE-- [fill = 0]
                  00014fe0    00000004                   : BIOS.obj (.text:ti_sysbios_knl_Task_startup__E)
                  00014fe4    0000000c     --HOLE-- [fill = 0]
                  00014ff0    00000004                   : BIOS.obj (.text:xdc_runtime_SysStd_putch__E)

.const     0    00014ff8    00002968     
                  00014ff8    00001a98     mss_mmw_per4f.oer4f (.const:xdc_runtime_Text_charTab__A)
                  00016a90    00000254     libmmwavelink_xwr16xx.aer4f : rl_sensor.oer4f (.const:$O1$$)
                  00016ce4    000001de     cli.oer4f (.const:.string)
                  00016ec2    00000101     rtsv7R4_T_le_v3D16_eabi.lib : ctype.obj (.const:.string:_ctypes_)
                  00016fc3    00000001     --HOLE-- [fill = 0]
                  00016fc4    000000d8     mss_mmw_per4f.oer4f (.const:xdc_runtime_Text_nodeTab__A)
                  0001709c    000000a0     libcli_xwr16xx.aer4f : cli_mmwave.oer4f (.const:.string)
                  0001713c    00000004                          : cli.oer4f (.const:.string:$P$T0$1)
                  00017140    00000098     rtsv7R4_T_le_v3D16_eabi.lib : strtod.obj (.const:$O1$$)
                  000171d8    00000080     mss_mmw_per4f.oer4f (.const:ti_sysbios_family_arm_v7r_vim_Hwi_channelMap__A)
                  00017258    00000078     libmmwavelink_xwr16xx.aer4f : rl_driver.oer4f (.const:$O2$$)
                  000172d0    00000048     mss_mmw_per4f.oer4f (.const:.string)
                  00017318    0000003c     libuart_xwr16xx.aer4f : UART.oer4f (.const:UART_defaultParams)
                  00017354    0000003c     mss_mmw_per4f.oer4f (.const:ti_sysbios_knl_Task_Object__PARAMS__C)
                  00017390    00000030     mss_mmw_per4f.oer4f (.const:ti_sysbios_family_arm_v7r_vim_Hwi_Object__PARAMS__C)
                  000173c0    0000002c     mss_mmw_per4f.oer4f (.const:xdc_runtime_Startup_sfxnTab__A)
                  000173ec    00000028     mss_mmw_per4f.oer4f (.const:ti_sysbios_heaps_HeapMem_Module__FXNS__C)
                  00017414    00000024     libmailbox_xwr16xx.aer4f : mailbox.oer4f (.const:Mailbox_defaultCfg)
                  00017438    00000024     mss_mmw_per4f.oer4f (.const:ti_sysbios_gates_GateHwi_Module__FXNS__C)
                  0001745c    00000024     mss_mmw_per4f.oer4f (.const:ti_sysbios_gates_GateMutex_Module__FXNS__C)
                  00017480    00000024     mss_mmw_per4f.oer4f (.const:ti_sysbios_heaps_HeapMem_Object__PARAMS__C)
                  000174a4    00000024     mss_mmw_per4f.oer4f (.const:ti_sysbios_knl_Semaphore_Object__PARAMS__C)
                  000174c8    00000020     mss_mmw_per4f.oer4f (.const:ti_sysbios_family_arm_v7r_vim_Hwi_Object__DESC__C)
                  000174e8    00000020     mss_mmw_per4f.oer4f (.const:ti_sysbios_gates_GateHwi_Object__DESC__C)
                  00017508    00000020     mss_mmw_per4f.oer4f (.const:ti_sysbios_gates_GateMutex_Object__DESC__C)
                  00017528    00000020     mss_mmw_per4f.oer4f (.const:ti_sysbios_heaps_HeapMem_Object__DESC__C)
                  00017548    00000020     mss_mmw_per4f.oer4f (.const:ti_sysbios_knl_Event_Object__DESC__C)
                  00017568    00000020     mss_mmw_per4f.oer4f (.const:ti_sysbios_knl_Queue_Object__DESC__C)
                  00017588    00000020     mss_mmw_per4f.oer4f (.const:ti_sysbios_knl_Semaphore_Object__DESC__C)
                  000175a8    00000020     mss_mmw_per4f.oer4f (.const:ti_sysbios_knl_Task_Object__DESC__C)
                  000175c8    00000018     mss_mmw_per4f.oer4f (.const:ti_sysbios_gates_GateHwi_Object__PARAMS__C)
                  000175e0    00000018     mss_mmw_per4f.oer4f (.const:ti_sysbios_gates_GateMutex_Object__PARAMS__C)
                  000175f8    00000018     mss_mmw_per4f.oer4f (.const:ti_sysbios_knl_Event_Object__PARAMS__C)
                  00017610    00000018     mss_mmw_per4f.oer4f (.const:ti_sysbios_knl_Queue_Object__PARAMS__C)
                  00017628    00000016     mss_mmw_per4f.oer4f (.const:xdc_runtime_Startup_sfxnRts__A)
                  0001763e    00000002     mss_mmw_per4f.oer4f (.const:ti_sysbios_family_arm_exc_Exception_Module__id__C)
                  00017640    00000010     mss_mmw_per4f.oer4f (.const:ti_sysbios_family_arm_v7r_vim_Hwi_intReqEnaSet__A)
                  00017650    00000010     mss_mmw_per4f.oer4f (.const:ti_sysbios_family_arm_v7r_vim_Hwi_wakeEnaSet__A)
                  00017660    00000008     mss_mmw_per4f.oer4f (.const:ti_sysbios_knl_Idle_funcList__A)
                  00017668    00000008     mss_mmw_per4f.oer4f (.const:ti_sysbios_knl_Idle_funcList__C)
                  00017670    00000008     mss_mmw_per4f.oer4f (.const:xdc_runtime_Startup_firstFxns__A)
                  00017678    00000008     mss_mmw_per4f.oer4f (.const:xdc_runtime_Startup_firstFxns__C)
                  00017680    00000008     mss_mmw_per4f.oer4f (.const:xdc_runtime_Startup_lastFxns__C)
                  00017688    00000004     mss_mmw_per4f.oer4f (.const:ti_sysbios_family_arm_TaskSupport_stackAlignment__C)
                  0001768c    00000004     mss_mmw_per4f.oer4f (.const:ti_sysbios_family_arm_exc_Exception_E_dataAbort__C)
                  00017690    00000004     mss_mmw_per4f.oer4f (.const:ti_sysbios_family_arm_exc_Exception_E_prefetchAbort__C)
                  00017694    00000004     mss_mmw_per4f.oer4f (.const:ti_sysbios_family_arm_exc_Exception_E_swi__C)
                  00017698    00000004     mss_mmw_per4f.oer4f (.const:ti_sysbios_family_arm_exc_Exception_E_undefinedInstruction__C)
                  0001769c    00000004     mss_mmw_per4f.oer4f (.const:ti_sysbios_family_arm_exc_Exception_excHookFuncs__A)
                  000176a0    00000004     mss_mmw_per4f.oer4f (.const:ti_sysbios_family_arm_exc_Exception_excHookFuncs__C)
                  000176a4    00000004     mss_mmw_per4f.oer4f (.const:ti_sysbios_family_arm_v7a_Pmu_A_invalidCounterId__C)
                  000176a8    00000004     mss_mmw_per4f.oer4f (.const:ti_sysbios_family_arm_v7a_Pmu_Module__diagsEnabled__C)
                  000176ac    00000004     mss_mmw_per4f.oer4f (.const:ti_sysbios_family_arm_v7a_Pmu_Module__diagsIncluded__C)
                  000176b0    00000004     mss_mmw_per4f.oer4f (.const:ti_sysbios_family_arm_v7a_Pmu_Module__diagsMask__C)
                  000176b4    00000004     mss_mmw_per4f.oer4f (.const:ti_sysbios_family_arm_v7r_tms570_Core_E_mismatchedIds__C)
                  000176b8    00000004     mss_mmw_per4f.oer4f (.const:ti_sysbios_family_arm_v7r_tms570_Core_id__C)
                  000176bc    00000004     mss_mmw_per4f.oer4f (.const:ti_sysbios_family_arm_v7r_vim_Hwi_A_badChannelId__C)
                  000176c0    00000004     mss_mmw_per4f.oer4f (.const:ti_sysbios_family_arm_v7r_vim_Hwi_E_alreadyDefined__C)
                  000176c4    00000004     mss_mmw_per4f.oer4f (.const:ti_sysbios_family_arm_v7r_vim_Hwi_E_badIntNum__C)
                  000176c8    00000004     mss_mmw_per4f.oer4f (.const:ti_sysbios_family_arm_v7r_vim_Hwi_E_phantomInterrupt__C)
                  000176cc    00000004     mss_mmw_per4f.oer4f (.const:ti_sysbios_family_arm_v7r_vim_Hwi_E_undefined__C)
                  000176d0    00000004     mss_mmw_per4f.oer4f (.const:ti_sysbios_family_arm_v7r_vim_Hwi_E_unsupportedMaskingOption__C)
                  000176d4    00000004     mss_mmw_per4f.oer4f (.const:ti_sysbios_family_arm_v7r_vim_Hwi_LD_end__C)
                  000176d8    00000004     mss_mmw_per4f.oer4f (.const:ti_sysbios_family_arm_v7r_vim_Hwi_LM_begin__C)
[...]
00017768  ti_sysbios_knl_Clock_LM_begin__C                                     
0001776c  ti_sysbios_knl_Clock_LM_tick__C                                      
00017770  ti_sysbios_knl_Clock_LW_delayed__C                                   
00017774  ti_sysbios_knl_Clock_Module_State_clockQ__O                          
00017778  ti_sysbios_knl_Clock_Module__diagsEnabled__C                         
0001777c  ti_sysbios_knl_Clock_Module__diagsIncluded__C                        
00017780  ti_sysbios_knl_Clock_Module__diagsMask__C                            
00017784  ti_sysbios_knl_Clock_Module__loggerFxn1__C                           
00017788  ti_sysbios_knl_Clock_Module__loggerFxn2__C                           
0001778c  ti_sysbios_knl_Clock_Module__loggerObj__C                            
00017790  ti_sysbios_knl_Event_A_badContext__C                                 
00017794  ti_sysbios_knl_Event_A_eventInUse__C                                 
00017798  ti_sysbios_knl_Event_A_nullEventId__C                                
0001779c  ti_sysbios_knl_Event_A_nullEventMasks__C                             
000177a0  ti_sysbios_knl_Event_A_pendTaskDisabled__C                           
000177a4  ti_sysbios_knl_Event_Instance_State_pendQ__O                         
000177a8  ti_sysbios_knl_Event_LM_pend__C                                      
000177ac  ti_sysbios_knl_Event_LM_post__C                                      
000177b0  ti_sysbios_knl_Event_Module__diagsEnabled__C                         
000177b4  ti_sysbios_knl_Event_Module__diagsIncluded__C                        
000177b8  ti_sysbios_knl_Event_Module__diagsMask__C                            
000177bc  ti_sysbios_knl_Event_Module__loggerFxn4__C                           
000177c0  ti_sysbios_knl_Event_Module__loggerFxn8__C                           
000177c4  ti_sysbios_knl_Event_Module__loggerObj__C                            
000177c8  ti_sysbios_knl_Semaphore_A_badContext__C                             
000177cc  ti_sysbios_knl_Semaphore_A_noEvents__C                               
000177d0  ti_sysbios_knl_Semaphore_A_overflow__C                               
000177d4  ti_sysbios_knl_Semaphore_A_pendTaskDisabled__C                       
000177d8  ti_sysbios_knl_Semaphore_Instance_State_pendQ__O                     
000177dc  ti_sysbios_knl_Semaphore_LM_pend__C                                  
000177e0  ti_sysbios_knl_Semaphore_LM_post__C                                  
000177e4  ti_sysbios_knl_Semaphore_Module__diagsEnabled__C                     
000177e8  ti_sysbios_knl_Semaphore_Module__diagsIncluded__C                    
000177ec  ti_sysbios_knl_Semaphore_Module__diagsMask__C                        
000177f0  ti_sysbios_knl_Semaphore_Module__loggerFxn2__C                       
000177f4  ti_sysbios_knl_Semaphore_Module__loggerFxn4__C                       
000177f8  ti_sysbios_knl_Semaphore_Module__loggerObj__C                        
000177fc  ti_sysbios_knl_Swi_LD_end__C                                         
00017800  ti_sysbios_knl_Swi_LM_begin__C                                       
00017804  ti_sysbios_knl_Swi_LM_post__C                                        
00017808  ti_sysbios_knl_Swi_Module__diagsEnabled__C                           
0001780c  ti_sysbios_knl_Swi_Module__diagsIncluded__C                          
00017810  ti_sysbios_knl_Swi_Module__diagsMask__C                              
00017814  ti_sysbios_knl_Swi_Module__loggerFxn1__C                             
00017818  ti_sysbios_knl_Swi_Module__loggerFxn4__C                             
0001781c  ti_sysbios_knl_Swi_Module__loggerObj__C                              
00017820  ti_sysbios_knl_Swi_Object__count__C                                  
00017824  ti_sysbios_knl_Task_A_badPriority__C                                 
00017828  ti_sysbios_knl_Task_A_badTaskState__C                                
0001782c  ti_sysbios_knl_Task_A_badThreadType__C                               
00017830  ti_sysbios_knl_Task_A_badTimeout__C                                  
00017834  ti_sysbios_knl_Task_A_noPendElem__C                                  
00017838  ti_sysbios_knl_Task_A_sleepTaskDisabled__C                           
0001783c  ti_sysbios_knl_Task_E_spOutOfBounds__C                               
00017840  ti_sysbios_knl_Task_E_stackOverflow__C                               
00017844  ti_sysbios_knl_Task_LD_block__C                                      
00017848  ti_sysbios_knl_Task_LD_exit__C                                       
0001784c  ti_sysbios_knl_Task_LD_ready__C                                      
00017850  ti_sysbios_knl_Task_LM_sleep__C                                      
00017854  ti_sysbios_knl_Task_LM_switch__C                                     
00017858  ti_sysbios_knl_Task_Module_State_inactiveQ__O                        
0001785c  ti_sysbios_knl_Task_Module__diagsEnabled__C                          
00017860  ti_sysbios_knl_Task_Module__diagsIncluded__C                         
00017864  ti_sysbios_knl_Task_Module__diagsMask__C                             
00017868  ti_sysbios_knl_Task_Module__loggerFxn2__C                            
0001786c  ti_sysbios_knl_Task_Module__loggerFxn4__C                            
00017870  ti_sysbios_knl_Task_Module__loggerObj__C                             
00017874  ti_sysbios_knl_Task_Object__count__C                                 
00017878  ti_sysbios_knl_Task_allBlockedFunc__C                                
0001787c  ti_sysbios_knl_Task_defaultStackHeap__C                              
00017880  ti_sysbios_knl_Task_defaultStackSize__C                              
00017884  ti_sysbios_knl_Task_numConstructedTasks__C                           
00017888  ti_sysbios_timers_rti_Timer_E_cannotSupport__C                       
0001788c  ti_sysbios_timers_rti_Timer_Module__diagsEnabled__C                  
00017890  ti_sysbios_timers_rti_Timer_Module__diagsIncluded__C                 
00017894  ti_sysbios_timers_rti_Timer_Module__diagsMask__C                     
00017898  ti_sysbios_timers_rti_Timer_numTimerDevices__C                       
0001789c  ti_sysbios_timers_rti_Timer_startupNeeded__C                         
000178a0  xdc_runtime_Assert_E_assertFailed__C                                 
000178a4  xdc_runtime_Core_A_initializedParams__C                              
000178a8  xdc_runtime_Core_Module__diagsEnabled__C                             
000178ac  xdc_runtime_Core_Module__diagsIncluded__C                            
000178b0  xdc_runtime_Core_Module__diagsMask__C                                
000178b4  xdc_runtime_Error_E_memory__C                                        
000178b8  xdc_runtime_Error_Module__diagsEnabled__C                            
000178bc  xdc_runtime_Error_Module__diagsIncluded__C                           
000178c0  xdc_runtime_Error_Module__diagsMask__C                               
000178c4  xdc_runtime_Error_Module__loggerFxn8__C                              
000178c8  xdc_runtime_Error_Module__loggerObj__C                               
000178cc  xdc_runtime_Error_policyFxn__C                                       
000178d0  xdc_runtime_Error_policy__C                                          
000178d4  xdc_runtime_Error_raiseHook__C                                       
000178d8  xdc_runtime_IGateProvider_Interface__BASE__C                         
000178dc  xdc_runtime_IHeap_Interface__BASE__C                                 
000178e0  xdc_runtime_IModule_Interface__BASE__C                               
000178e4  xdc_runtime_Log_L_error__C                                           
000178e8  xdc_runtime_Memory_defaultHeapInstance__C                            
000178ec  xdc_runtime_Startup_execImpl__C                                      
000178f0  xdc_runtime_Startup_maxPasses__C                                     
000178f4  xdc_runtime_Startup_sfxnRts__C                                       
000178f8  xdc_runtime_Startup_sfxnTab__C                                       
000178fc  xdc_runtime_System_Module__gateObj__C                                
00017900  xdc_runtime_System_abortFxn__C                                       
00017904  xdc_runtime_System_exitFxn__C                                        
00017908  xdc_runtime_System_extendFxn__C                                      
0001790c  xdc_runtime_System_maxAtexitHandlers__C                              
00017910  xdc_runtime_Text_charTab__C                                          
00017914  xdc_runtime_Text_nameEmpty__C                                        
00017918  xdc_runtime_Text_nameStatic__C                                       
0001791c  xdc_runtime_Text_nameUnknown__C                                      
00017920  xdc_runtime_Text_nodeTab__C                                          
00017924  xdc_runtime_Text_visitRopeFxn__C                                     
00017928  ti_sysbios_family_arm_v7a_Pmu_Module__id__C                          
0001792a  ti_sysbios_family_arm_v7r_tms570_Core_Module__id__C                  
0001792c  ti_sysbios_family_arm_v7r_vim_Hwi_Module__id__C                      
0001792e  ti_sysbios_family_arm_v7r_vim_Hwi_Module__loggerDefined__C           
00017930  ti_sysbios_gates_GateMutex_Module__id__C                             
00017932  ti_sysbios_hal_Hwi_Module__id__C                                     
00017934  ti_sysbios_heaps_HeapMem_Module__id__C                               
00017936  ti_sysbios_knl_Clock_Module__id__C                                   
00017938  ti_sysbios_knl_Clock_Module__loggerDefined__C                        
0001793a  ti_sysbios_knl_Event_Module__id__C                                   
0001793c  ti_sysbios_knl_Event_Module__loggerDefined__C                        
0001793e  ti_sysbios_knl_Semaphore_Module__id__C                               
00017940  ti_sysbios_knl_Semaphore_Module__loggerDefined__C                    
00017942  ti_sysbios_knl_Swi_Module__id__C                                     
00017944  ti_sysbios_knl_Swi_Module__loggerDefined__C                          
00017946  ti_sysbios_knl_Task_Module__id__C                                    
00017948  ti_sysbios_knl_Task_Module__loggerDefined__C                         
0001794a  ti_sysbios_timers_rti_Timer_Module__id__C                            
0001794c  ti_sysbios_timers_rti_Timer_continueOnSuspend__C                     
0001794e  xdc_runtime_Core_Module__id__C                                       
00017950  xdc_runtime_Error_Module__loggerDefined__C                           
00017952  xdc_runtime_Error_maxDepth__C                                        
00017954  xdc_runtime_Main_Module__id__C                                       
00017956  xdc_runtime_Memory_Module__id__C                                     
00017958  xdc_runtime_Text_charCnt__C                                          
0001795a  xdc_runtime_Text_isLoaded__C                                         
0001795c  xdc_runtime_Text_registryModsLastId__C                               
0001795e  xdc_runtime_Text_unnamedModsLastId__C                                
00017960  __TI_static_base__                                                   
00017cd0  __TI_Handler_Table_Base                                              
00017cdc  __TI_Handler_Table_Limit                                             
00017cf8  __TI_CINIT_Base                                                      
00017d18  __TI_CINIT_Limit                                                     
08000000  ti_sysbios_heaps_HeapMem_Instance_State_0_buf__A                     
0800a000  ti_sysbios_family_arm_exc_Exception_Module_State_0_excStack_0__A     
0800b000  ti_sysbios_knl_Task_Instance_State_0_stack__A                        
0800b800  gMmwMssMCB                                                           
0800bb18  gCLI                                                                 
0800bcb8  gGPIOMCB                                                             
0800be4c  __CIOBUF_                                                            
0800bf6c  gMMWave_MCB                                                          
0800c064  __TI_tmpnams                                                         
0800c104  gEsmMCB                                                              
0800c174  gMMWave_XWR16xxMCB                                                   
0800c17c  parmbuf                                                              
0800c1a0  __stack                                                              
0800d1a0  D2H_SYNC_PATTERN                                                     
0800d1a0  __STACK_END                                                          
0800d1a4  H2D_SYNC_PATTERN                                                     
0800d1a8  H2D_CNYS_PATTERN                                                     
0800d1ac  rl_txMsg                                                             
0800d2ac  rl_rxMsg                                                             
0800d590  ti_sysbios_family_arm_v7r_vim_Hwi_Module_State_0_dispatchTable__A    
0800d790  gCLIMMWaveOpenCfg                                                    
0800d7b0  gCLIMMWaveExtensionTable                                             
0800d858  gCLIMMWaveControlCfg                                                 
0800d924  _ftable                                                              
0800da14  ti_sysbios_knl_Swi_Module_State_0_readyQ__A                          
0800da94  ti_sysbios_knl_Task_Module_State_0_readyQ__A                         
0800db14  _device                                                              
0800db8c  gUartSciHwCfg                                                        
0800dbe4  _stream                                                              
0800dc34  gMailboxMCB                                                          
0800dc84  ti_sysbios_knl_Task_Object__table__V                                 
0800dcd0  ti_sysbios_knl_Task_Module__state__V                                 
0800dd14  SOC_TranslateAddr_LUT                                                
0800dd54  ti_sysbios_gates_GateMutex_Object__table__V                          
0800dd94  ti_sysbios_timers_rti_Timer_Object__table__V                         
0800ddd0  ti_sysbios_family_arm_v7r_vim_Hwi_Module__state__V                   
0800de04  ti_sysbios_knl_Swi_Object__table__V                                  
0800de34  ti_sysbios_family_arm_v7r_vim_Hwi_Object__table__V                   
0800de60  ti_sysbios_knl_Clock_Module__state__V                                
0800de8c  gUartSciFxnTable                                                     
0800deb4  UART_config                                                          
0800ded8  ti_sysbios_BIOS_Module__state__V                                     
0800defc  xdc_runtime_Error_IgnoreBlock                                        
0800df1c  xdc_runtime_System_Module_State_0_atexitHandlers__A                  
0800df3c  ti_sysbios_knl_Swi_Module__state__V                                  
0800df58  gMailboxMssBssHwCfg                                                  
0800df70  gMailboxMssDssHwCfg                                                  
0800df88  ti_sysbios_heaps_HeapMem_Object__table__V                            
0800dfa0  ti_sysbios_timers_rti_Timer_Module_State_0_device__A                 
0800dfb8  gSOCHwAttrib                                                         
0800dfcc  ti_sysbios_family_arm_exc_Exception_Module__state__V                 
0800dfe0  __TI_ft_end                                                          
0800dfe4  __aeabi_stdin                                                        
0800dfe8  __aeabi_stdout                                                       
0800dfec  __aeabi_stderr                                                       
0800dff0  ti_sysbios_timers_rti_Timer_Module_State_0_intFreqs__A               
0800e000  ti_sysbios_timers_rti_Timer_Module__state__V                         
0800e010  __TI_cleanup_ptr                                                     
0800e014  __TI_dtors_ptr                                                       
0800e018  __TI_enable_exit_profile_output                                      
0800e01c  gESMHwCfgAttrs                                                       
0800e028  ti_sysbios_family_arm_v7a_Pmu_Module__state__V                       
0800e034  _lock                                                                
0800e038  _unlock                                                              
0800e03c  gGPIOHwAtrrib                                                        
0800e044  ti_sysbios_family_arm_v7r_vim_Hwi_Module__root__V                    
0800e04c  ti_sysbios_gates_GateHwi_Module__root__V                             
0800e054  ti_sysbios_gates_GateMutex_Module__root__V                           
0800e05c  ti_sysbios_hal_Hwi_Object__table__V                                  
0800e064  ti_sysbios_heaps_HeapMem_Module__root__V                             
0800e06c  ti_sysbios_knl_Event_Module__root__V                                 
0800e074  ti_sysbios_knl_Queue_Module__root__V                                 
0800e07c  ti_sysbios_knl_Semaphore_Module__root__V                             
0800e084  ti_sysbios_knl_Task_Module__root__V                                  
0800e08c  ti_sysbios_timers_rti_Timer_Module_State_0_handles__A                
0800e094  xdc_runtime_Registry_Module__state__V                                
0800e09c  xdc_runtime_Startup_Module__state__V                                 
0800e0a4  xdc_runtime_System_Module__state__V                                  
0800e0ac  gCRCRegister                                                         
0800e0b0  gPinmuxRegs                                                          
0800e0b8  errno                                                                
0800e0c4  main_func_sp                                                         
0800e0cc  ti_sysbios_family_arm_exc_Exception_Module_State_0_excContext__A     
0800e0d0  ti_sysbios_family_arm_exc_Exception_Module_State_0_excStackBuffers__A
0800e0d4  ti_sysbios_family_arm_exc_Exception_Module_State_0_excStack__A       
0800e0d8  ti_sysbios_gates_GateHwi_Object__table__V                            
0800e0dc  ti_sysbios_heaps_HeapBuf_Module__state__V                            
0800e0e0  ti_sysbios_knl_Task_Module_State_0_idleTask__A                       
0800e0e4  xdc_runtime_Memory_Module__state__V                                  
0800e0e8  ti_sysbios_family_arm_exc_Exception_Module_State_0_excActive__A      
0800e0ea  xdc_runtime_Error_Module__state__V                                   
0800e0f0  ti_sysbios_family_arm_v7r_vim_Hwi_Module_State_0_fiqStack__A         
fffffdec  ti_sysbios_family_arm_v7r_vim_Hwi_vim                                
ffffffff  __TI_pprof_out_hndl                                                  
ffffffff  __TI_prof_data_size                                                  
ffffffff  __TI_prof_data_start                                                 
ffffffff  __binit__                                                            
ffffffff  __c_args__                                                           
ffffffff  binit                                                                
UNDEFED   SHT$$INIT_ARRAY$$Base                                                
UNDEFED   SHT$$INIT_ARRAY$$Limit                                               

[909 symbols]
